Fitter Route Stage Report for test1280M
Wed May 26 15:14:29 2021
Quartus Prime Version 21.1.0 Build 169 03/24/2021 SC Pro Edition


---------------------
; Table of Contents ;
---------------------
  1. Legal Notice
  2. PLL Delay Chain Settings
  3. Delay Chain Summary
  4. Routing Usage Summary
  5. Route Messages
  6. Estimated Delay Added for Hold Timing Summary
  7. Estimated Delay Added for Hold Timing Details



----------------
; Legal Notice ;
----------------
Copyright (C) 2021  Intel Corporation. All rights reserved.
Your use of Intel Corporation's design tools, logic functions 
and other software and tools, and any partner logic 
functions, and any output files from any of the foregoing 
(including device programming or simulation files), and any 
associated documentation or information are expressly subject 
to the terms and conditions of the Intel Program License 
Subscription Agreement, the Intel Quartus Prime License Agreement,
the Intel FPGA IP License Agreement, or other applicable license
agreement, including, without limitation, that your use is for
the sole purpose of programming logic devices manufactured by
Intel and sold by Intel or its authorized distributors.  Please
refer to the applicable agreement for further details, at
https://fpgasoftware.intel.com/eula.



+-------------------------------------------------------------+
; PLL Delay Chain Settings                                    ;
+-------------------------------------------------------+-----+
;                                                       ;     ;
+-------------------------------------------------------+-----+
; genclk_u0|iopll_0|altera_iopll_i|c10gx_pll|iopll_inst ;     ;
;     -- Delay Chain Setting                            ; N/A ;
;     -- PLL Output Counter 0                           ;     ;
;             -- C Counter Delay Chain Setting          ; 0   ;
;             -- LVDS Delay Chain Setting               ; 0   ;
;     -- PLL Output Counter 1                           ;     ;
;             -- C Counter Delay Chain Setting          ; 0   ;
;             -- LVDS Delay Chain Setting               ; 0   ;
;                                                       ;     ;
+-------------------------------------------------------+-----+


+----------------------------------------------------------------------------------------------------------------------------------------------------------------------+
; Delay Chain Summary                                                                                                                                                  ;
+---------------------+----------+---------------------+--------------------+----------------+-----------------------------------+-------------------------------------+
; Name                ; Pin Type ; Input Delay Chain 0 ; Output Delay Chain ; OE Delay Chain ; IO_12_LANE Input Data Delay Chain ; IO_12_LANE Input Strobe Delay Chain ;
+---------------------+----------+---------------------+--------------------+----------------+-----------------------------------+-------------------------------------+
; counter_out[0]      ; Output   ; --                  ; 0                  ; 0              ; --                                ; --                                  ;
; counter_out[1]      ; Output   ; --                  ; 0                  ; 0              ; --                                ; --                                  ;
; counter_out[2]      ; Output   ; --                  ; 0                  ; 0              ; --                                ; --                                  ;
; counter_out[3]      ; Output   ; --                  ; 0                  ; 0              ; --                                ; --                                  ;
; counter_out[4]      ; Output   ; --                  ; 0                  ; 0              ; --                                ; --                                  ;
; counter_out[5]      ; Output   ; --                  ; 0                  ; 0              ; --                                ; --                                  ;
; counter_out[6]      ; Output   ; --                  ; 0                  ; 0              ; --                                ; --                                  ;
; counter_out[7]      ; Output   ; --                  ; 0                  ; 0              ; --                                ; --                                  ;
; counter_out[8]      ; Output   ; --                  ; 0                  ; 0              ; --                                ; --                                  ;
; counter_out[9]      ; Output   ; --                  ; 0                  ; 0              ; --                                ; --                                  ;
; counter_out[10]     ; Output   ; --                  ; 0                  ; 0              ; --                                ; --                                  ;
; counter_out[11]     ; Output   ; --                  ; 0                  ; 0              ; --                                ; --                                  ;
; counter_out[12]     ; Output   ; --                  ; 0                  ; 0              ; --                                ; --                                  ;
; counter_out[13]     ; Output   ; --                  ; 0                  ; 0              ; --                                ; --                                  ;
; counter_out[14]     ; Output   ; --                  ; 0                  ; 0              ; --                                ; --                                  ;
; counter_out[15]     ; Output   ; --                  ; 0                  ; 0              ; --                                ; --                                  ;
; FMCAclk40           ; Input    ; 0                   ; --                 ; --             ; --                                ; --                                  ;
; FPGA_RESETn         ; Input    ; 0                   ; --                 ; --             ; --                                ; --                                  ;
; counter_out[0](n)   ; Output   ; --                  ; 0                  ; 0              ; --                                ; --                                  ;
; counter_out[1](n)   ; Output   ; --                  ; 0                  ; 0              ; --                                ; --                                  ;
; counter_out[2](n)   ; Output   ; --                  ; 0                  ; 0              ; --                                ; --                                  ;
; counter_out[3](n)   ; Output   ; --                  ; 0                  ; 0              ; --                                ; --                                  ;
; counter_out[4](n)   ; Output   ; --                  ; 0                  ; 0              ; --                                ; --                                  ;
; counter_out[5](n)   ; Output   ; --                  ; 0                  ; 0              ; --                                ; --                                  ;
; counter_out[6](n)   ; Output   ; --                  ; 0                  ; 0              ; --                                ; --                                  ;
; counter_out[7](n)   ; Output   ; --                  ; 0                  ; 0              ; --                                ; --                                  ;
; counter_out[8](n)   ; Output   ; --                  ; 0                  ; 0              ; --                                ; --                                  ;
; counter_out[9](n)   ; Output   ; --                  ; 0                  ; 0              ; --                                ; --                                  ;
; counter_out[10](n)  ; Output   ; --                  ; 0                  ; 0              ; --                                ; --                                  ;
; counter_out[11](n)  ; Output   ; --                  ; 0                  ; 0              ; --                                ; --                                  ;
; counter_out[12](n)  ; Output   ; --                  ; 0                  ; 0              ; --                                ; --                                  ;
; counter_out[13](n)  ; Output   ; --                  ; 0                  ; 0              ; --                                ; --                                  ;
; counter_out[14](n)  ; Output   ; --                  ; 0                  ; 0              ; --                                ; --                                  ;
; counter_out[15](n)  ; Output   ; --                  ; 0                  ; 0              ; --                                ; --                                  ;
; FMCAclk40(n)        ; Input    ; 0                   ; --                 ; --             ; --                                ; --                                  ;
; termination_3280~bp ; Input    ; 0                   ; --                 ; --             ; --                                ; --                                  ;
+---------------------+----------+---------------------+--------------------+----------------+-----------------------------------+-------------------------------------+


+----------------------------------------------------------+
; Routing Usage Summary                                    ;
+------------------------------+---------------------------+
; Routing Resource Type        ; Usage                     ;
+------------------------------+---------------------------+
; Block interconnects          ; 8,980 / 664,374 ( 1 % )   ;
; C27 interconnects            ; 64 / 12,769 ( < 1 % )     ;
; C4 interconnects             ; 6,563 / 514,392 ( 1 % )   ;
; Direct links                 ; 824 / 664,374 ( < 1 % )   ;
; Global clocks                ; 1 / 32 ( 3 % )            ;
; Periphery clocks             ; 0 / 410 ( 0 % )           ;
; R3 interconnects             ; 2,268 / 246,936 ( < 1 % ) ;
; R32 interconnects            ; 137 / 28,257 ( < 1 % )    ;
; R32/C27 interconnect drivers ; 119 / 74,920 ( < 1 % )    ;
; R6 interconnects             ; 5,137 / 527,108 ( < 1 % ) ;
; Regional clock lefts         ; 0 / 8 ( 0 % )             ;
; Regional clock out bottoms   ; 0 / 8 ( 0 % )             ;
; Regional clock out tops      ; 0 / 8 ( 0 % )             ;
; Regional clock rights        ; 0 / 8 ( 0 % )             ;
; Regional clocks              ; 0 / 8 ( 0 % )             ;
; Spine buffers                ; 3 / 220 ( 1 % )           ;
; Spine clocks                 ; 6 / 330 ( 2 % )           ;
; Spine feedthroughs           ; 0 / 224 ( 0 % )           ;
+------------------------------+---------------------------+


+----------------+
; Route Messages ;
+----------------+
Info (20030): Parallel compilation is enabled and will use 2 of the 2 processors detected
Info: *******************************************************************
Info: Running Quartus Prime Fitter
    Info: Version 21.1.0 Build 169 03/24/2021 SC Pro Edition
    Info: Processing started: Wed May 26 15:11:58 2021
    Info: System process ID: 13880
Info: Command: quartus_fit --read_settings_files=on --write_settings_files=off test1280M -c test1280M
Info: qfit2_default_script.tcl version: #1
Info: Project  = test1280M
Info: Revision = test1280M
Info (170193): Fitter routing operations beginning
Info (170089): 4e+03 ns of routing delay (approximately 1.7% of available device routing delay) has been added to meet hold timing. For more information, refer to the Estimated Delay Added for Hold Timing section in the Fitter report.
Info: Constraints on the CDC paths between acquisition clock and communication clock are created in the Signal Tap instance, auto_fab_0|alt_sld_fab_0|alt_sld_fab_0|auto_signaltap_auto_signaltap_0
Info (11888): Total time spent on timing analysis during Routing is 1.16 seconds.
Info (16607): Fitter routing operations ending: elapsed time is 00:00:45


+----------------------------------------------------------------+
; Estimated Delay Added for Hold Timing Summary                  ;
+---------------------+----------------------+-------------------+
; Source Clock(s)     ; Destination Clock(s) ; Delay Added in ns ;
+---------------------+----------------------+-------------------+
; altera_reserved_tck ; altera_reserved_tck  ; 4738.9            ;
+---------------------+----------------------+-------------------+
Note: For more information on problematic transfers, consider running the Fitter again with the Optimize hold timing option (Settings Menu) turned off.
This will disable optimization of problematic paths and expose them for further analysis using the Timing Analyzer.


+--------------------------------------------------------------------------------------------------------------------------------------------------------------------------------------------------------------------------------------------------------------------------------------------------------------------------------------------------------------------------------------------------------------------------------------------------------------------------------------------------------------------------------------------------------------------------+
; Estimated Delay Added for Hold Timing Details                                                                                                                                                                                                                                                                                                                                                                                                                                                                                                                            ;
+-----------------------------------------------------------------------------------------------------------------------------------------------------------------------------------------------------------------------------------------------------------------------------------+------------------------------------------------------------------------------------------------------------------------------------------------------------------------------------------------------------------------------------------------------------------+-------------------+
; Source Register                                                                                                                                                                                                                                                                   ; Destination Register                                                                                                                                                                                                                                             ; Delay Added in ns ;
+-----------------------------------------------------------------------------------------------------------------------------------------------------------------------------------------------------------------------------------------------------------------------------------+------------------------------------------------------------------------------------------------------------------------------------------------------------------------------------------------------------------------------------------------------------------+-------------------+
; auto_fab_0|alt_sld_fab_0|alt_sld_fab_0|auto_signaltap_auto_signaltap_0|sld_signaltap_inst|sld_signaltap_body|sld_signaltap_body|jtag_comm|stp_non_zero_depth_offload_gen.stp_offload_buff_mgr_inst|read_pointer_counter|auto_generated|counter_reg_bit[12]                        ; auto_fab_0|alt_sld_fab_0|alt_sld_fab_0|auto_signaltap_auto_signaltap_0|sld_signaltap_inst|sld_signaltap_body|sld_signaltap_body|jtag_acq_clk_xing|stp_non_zero_ram_gen.stp_buffer_ram|auto_generated|ram_block1a50~reg1                                          ; 2.198             ;
; auto_fab_0|alt_sld_fab_0|alt_sld_fab_0|auto_signaltap_auto_signaltap_0|sld_signaltap_inst|sld_signaltap_body|sld_signaltap_body|jtag_comm|stp_non_zero_depth_offload_gen.stp_offload_buff_mgr_inst|read_pointer_counter|auto_generated|counter_reg_bit[4]                         ; auto_fab_0|alt_sld_fab_0|alt_sld_fab_0|auto_signaltap_auto_signaltap_0|sld_signaltap_inst|sld_signaltap_body|sld_signaltap_body|jtag_acq_clk_xing|stp_non_zero_ram_gen.stp_buffer_ram|auto_generated|ram_block1a102~reg1                                         ; 2.194             ;
; auto_fab_0|alt_sld_fab_0|alt_sld_fab_0|auto_signaltap_auto_signaltap_0|sld_signaltap_inst|sld_signaltap_body|sld_signaltap_body|jtag_comm|stp_non_zero_depth_offload_gen.stp_offload_buff_mgr_inst|read_pointer_counter|auto_generated|counter_reg_bit[2]                         ; auto_fab_0|alt_sld_fab_0|alt_sld_fab_0|auto_signaltap_auto_signaltap_0|sld_signaltap_inst|sld_signaltap_body|sld_signaltap_body|jtag_acq_clk_xing|stp_non_zero_ram_gen.stp_buffer_ram|auto_generated|ram_block1a152~reg1                                         ; 2.194             ;
; auto_fab_0|alt_sld_fab_0|alt_sld_fab_0|auto_signaltap_auto_signaltap_0|sld_signaltap_inst|sld_signaltap_body|sld_signaltap_body|jtag_comm|stp_non_zero_depth_offload_gen.stp_offload_buff_mgr_inst|read_pointer_counter|auto_generated|counter_reg_bit[13]                        ; auto_fab_0|alt_sld_fab_0|alt_sld_fab_0|auto_signaltap_auto_signaltap_0|sld_signaltap_inst|sld_signaltap_body|sld_signaltap_body|jtag_acq_clk_xing|stp_non_zero_ram_gen.stp_buffer_ram|auto_generated|ram_block1a152~reg1                                         ; 2.181             ;
; auto_fab_0|alt_sld_fab_0|alt_sld_fab_0|auto_signaltap_auto_signaltap_0|sld_signaltap_inst|sld_signaltap_body|sld_signaltap_body|jtag_comm|stp_non_zero_depth_offload_gen.stp_offload_buff_mgr_inst|read_pointer_counter|auto_generated|counter_reg_bit[0]                         ; auto_fab_0|alt_sld_fab_0|alt_sld_fab_0|auto_signaltap_auto_signaltap_0|sld_signaltap_inst|sld_signaltap_body|sld_signaltap_body|jtag_acq_clk_xing|stp_non_zero_ram_gen.stp_buffer_ram|auto_generated|ram_block1a92~reg1                                          ; 2.172             ;
; auto_fab_0|alt_sld_fab_0|alt_sld_fab_0|auto_signaltap_auto_signaltap_0|sld_signaltap_inst|sld_signaltap_body|sld_signaltap_body|jtag_comm|stp_non_zero_depth_offload_gen.stp_offload_buff_mgr_inst|read_pointer_counter|auto_generated|counter_reg_bit[3]                         ; auto_fab_0|alt_sld_fab_0|alt_sld_fab_0|auto_signaltap_auto_signaltap_0|sld_signaltap_inst|sld_signaltap_body|sld_signaltap_body|jtag_acq_clk_xing|stp_non_zero_ram_gen.stp_buffer_ram|auto_generated|ram_block1a92~reg1                                          ; 2.151             ;
; auto_fab_0|alt_sld_fab_0|alt_sld_fab_0|auto_signaltap_auto_signaltap_0|sld_signaltap_inst|sld_signaltap_body|sld_signaltap_body|jtag_comm|stp_non_zero_depth_offload_gen.stp_offload_buff_mgr_inst|read_pointer_counter|auto_generated|counter_reg_bit[9]                         ; auto_fab_0|alt_sld_fab_0|alt_sld_fab_0|auto_signaltap_auto_signaltap_0|sld_signaltap_inst|sld_signaltap_body|sld_signaltap_body|jtag_acq_clk_xing|stp_non_zero_ram_gen.stp_buffer_ram|auto_generated|ram_block1a149~reg1                                         ; 2.143             ;
; auto_fab_0|alt_sld_fab_0|alt_sld_fab_0|auto_signaltap_auto_signaltap_0|sld_signaltap_inst|sld_signaltap_body|sld_signaltap_body|jtag_comm|stp_non_zero_depth_offload_gen.stp_offload_buff_mgr_inst|read_pointer_counter|auto_generated|counter_reg_bit[11]                        ; auto_fab_0|alt_sld_fab_0|alt_sld_fab_0|auto_signaltap_auto_signaltap_0|sld_signaltap_inst|sld_signaltap_body|sld_signaltap_body|jtag_acq_clk_xing|stp_non_zero_ram_gen.stp_buffer_ram|auto_generated|ram_block1a152~reg1                                         ; 2.136             ;
; auto_fab_0|alt_sld_fab_0|alt_sld_fab_0|auto_signaltap_auto_signaltap_0|sld_signaltap_inst|sld_signaltap_body|sld_signaltap_body|jtag_comm|stp_non_zero_depth_offload_gen.stp_offload_buff_mgr_inst|read_pointer_counter|auto_generated|counter_reg_bit[6]                         ; auto_fab_0|alt_sld_fab_0|alt_sld_fab_0|auto_signaltap_auto_signaltap_0|sld_signaltap_inst|sld_signaltap_body|sld_signaltap_body|jtag_acq_clk_xing|stp_non_zero_ram_gen.stp_buffer_ram|auto_generated|ram_block1a159~reg1                                         ; 2.136             ;
; auto_fab_0|alt_sld_fab_0|alt_sld_fab_0|auto_signaltap_auto_signaltap_0|sld_signaltap_inst|sld_signaltap_body|sld_signaltap_body|jtag_comm|stp_non_zero_depth_offload_gen.stp_offload_buff_mgr_inst|read_pointer_counter|auto_generated|counter_reg_bit[7]                         ; auto_fab_0|alt_sld_fab_0|alt_sld_fab_0|auto_signaltap_auto_signaltap_0|sld_signaltap_inst|sld_signaltap_body|sld_signaltap_body|jtag_acq_clk_xing|stp_non_zero_ram_gen.stp_buffer_ram|auto_generated|ram_block1a159~reg1                                         ; 2.093             ;
; auto_fab_0|alt_sld_fab_0|alt_sld_fab_0|auto_signaltap_auto_signaltap_0|sld_signaltap_inst|sld_signaltap_body|sld_signaltap_body|jtag_comm|stp_non_zero_depth_offload_gen.stp_offload_buff_mgr_inst|read_pointer_counter|auto_generated|counter_reg_bit[1]                         ; auto_fab_0|alt_sld_fab_0|alt_sld_fab_0|auto_signaltap_auto_signaltap_0|sld_signaltap_inst|sld_signaltap_body|sld_signaltap_body|jtag_acq_clk_xing|stp_non_zero_ram_gen.stp_buffer_ram|auto_generated|ram_block1a102~reg1                                         ; 2.068             ;
; auto_fab_0|alt_sld_fab_0|alt_sld_fab_0|auto_signaltap_auto_signaltap_0|sld_signaltap_inst|sld_signaltap_body|sld_signaltap_body|jtag_comm|stp_non_zero_depth_offload_gen.stp_offload_buff_mgr_inst|read_pointer_counter|auto_generated|counter_reg_bit[8]                         ; auto_fab_0|alt_sld_fab_0|alt_sld_fab_0|auto_signaltap_auto_signaltap_0|sld_signaltap_inst|sld_signaltap_body|sld_signaltap_body|jtag_acq_clk_xing|stp_non_zero_ram_gen.stp_buffer_ram|auto_generated|ram_block1a159~reg1                                         ; 2.048             ;
; auto_fab_0|alt_sld_fab_0|alt_sld_fab_0|auto_signaltap_auto_signaltap_0|sld_signaltap_inst|sld_signaltap_body|sld_signaltap_body|jtag_comm|stp_non_zero_depth_offload_gen.stp_offload_buff_mgr_inst|read_pointer_counter|auto_generated|counter_reg_bit[5]                         ; auto_fab_0|alt_sld_fab_0|alt_sld_fab_0|auto_signaltap_auto_signaltap_0|sld_signaltap_inst|sld_signaltap_body|sld_signaltap_body|jtag_acq_clk_xing|stp_non_zero_ram_gen.stp_buffer_ram|auto_generated|ram_block1a152~reg1                                         ; 2.044             ;
; auto_fab_0|alt_sld_fab_0|alt_sld_fab_0|auto_signaltap_auto_signaltap_0|sld_signaltap_inst|sld_signaltap_body|sld_signaltap_body|jtag_comm|stp_non_zero_depth_offload_gen.stp_offload_buff_mgr_inst|read_pointer_counter|auto_generated|counter_reg_bit[10]                        ; auto_fab_0|alt_sld_fab_0|alt_sld_fab_0|auto_signaltap_auto_signaltap_0|sld_signaltap_inst|sld_signaltap_body|sld_signaltap_body|jtag_acq_clk_xing|stp_non_zero_ram_gen.stp_buffer_ram|auto_generated|ram_block1a102~reg1                                         ; 2.000             ;
; auto_fab_0|alt_sld_fab_0|alt_sld_fab_0|auto_signaltap_auto_signaltap_0|sld_signaltap_inst|sld_signaltap_body|sld_signaltap_body|acq_core|ela_control|basic_multi_level_mbpm_trigger_gen.multi_level_mbpm|trigger_condition_deserialize|dffs[237]                                  ; auto_fab_0|alt_sld_fab_0|alt_sld_fab_0|auto_signaltap_auto_signaltap_0|sld_signaltap_inst|sld_signaltap_body|sld_signaltap_body|acq_core|ela_control|basic_multi_level_mbpm_trigger_gen.multi_level_mbpm|trigger_condition_deserialize|dffs[236]                 ; 1.736             ;
; auto_fab_0|alt_sld_fab_0|alt_sld_fab_0|auto_signaltap_auto_signaltap_0|sld_signaltap_inst|sld_signaltap_body|sld_signaltap_body|acq_core|ela_control|basic_multi_level_mbpm_trigger_gen.multi_level_mbpm|trigger_condition_deserialize|dffs[247]                                  ; auto_fab_0|alt_sld_fab_0|alt_sld_fab_0|auto_signaltap_auto_signaltap_0|sld_signaltap_inst|sld_signaltap_body|sld_signaltap_body|acq_core|ela_control|basic_multi_level_mbpm_trigger_gen.multi_level_mbpm|trigger_condition_deserialize|dffs[246]                 ; 1.654             ;
; auto_fab_0|alt_sld_fab_0|alt_sld_fab_0|auto_signaltap_auto_signaltap_0|sld_signaltap_inst|sld_signaltap_body|sld_signaltap_body|acq_core|ela_control|basic_multi_level_mbpm_trigger_gen.multi_level_mbpm|trigger_condition_deserialize|dffs[49]                                   ; auto_fab_0|alt_sld_fab_0|alt_sld_fab_0|auto_signaltap_auto_signaltap_0|sld_signaltap_inst|sld_signaltap_body|sld_signaltap_body|acq_core|ela_control|basic_multi_level_mbpm_trigger_gen.multi_level_mbpm|trigger_condition_deserialize|dffs[48]                  ; 1.648             ;
; auto_fab_0|alt_sld_fab_0|alt_sld_fab_0|auto_signaltap_auto_signaltap_0|sld_signaltap_inst|sld_signaltap_body|sld_signaltap_body|jtag_acq_clk_xing|stp_non_zero_ram_gen.stp_buffer_ram|auto_generated|address_reg_b[0]                                                             ; auto_fab_0|alt_sld_fab_0|alt_sld_fab_0|auto_signaltap_auto_signaltap_0|sld_signaltap_inst|sld_signaltap_body|sld_signaltap_body|jtag_comm|stp_non_zero_depth_offload_gen.stp_offload_buff_mgr_inst|ram_data_shift_out|dffs[39]                                   ; 1.646             ;
; auto_fab_0|alt_sld_fab_0|alt_sld_fab_0|auto_signaltap_auto_signaltap_0|sld_signaltap_inst|sld_signaltap_body|sld_signaltap_body|acq_core|ela_control|basic_multi_level_mbpm_trigger_gen.multi_level_mbpm|trigger_condition_deserialize|dffs[126]                                  ; auto_fab_0|alt_sld_fab_0|alt_sld_fab_0|auto_signaltap_auto_signaltap_0|sld_signaltap_inst|sld_signaltap_body|sld_signaltap_body|acq_core|ela_control|basic_multi_level_mbpm_trigger_gen.multi_level_mbpm|trigger_condition_deserialize|dffs[125]                 ; 1.646             ;
; auto_fab_0|alt_sld_fab_0|alt_sld_fab_0|auto_signaltap_auto_signaltap_0|sld_signaltap_inst|sld_signaltap_body|sld_signaltap_body|jtag_comm|stp_non_zero_depth_offload_gen.stp_offload_buff_mgr_inst|adv_point_3_and_more.advance_pointer_counter|auto_generated|counter_reg_bit[0] ; auto_fab_0|alt_sld_fab_0|alt_sld_fab_0|auto_signaltap_auto_signaltap_0|sld_signaltap_inst|sld_signaltap_body|sld_signaltap_body|jtag_comm|stp_non_zero_depth_offload_gen.stp_offload_buff_mgr_inst|ram_data_shift_out|dffs[49]                                   ; 1.606             ;
; auto_fab_0|alt_sld_fab_0|alt_sld_fab_0|auto_signaltap_auto_signaltap_0|sld_signaltap_inst|sld_signaltap_body|sld_signaltap_body|jtag_comm|stp_non_zero_depth_offload_gen.stp_offload_buff_mgr_inst|ram_data_shift_out|dffs[74]                                                    ; auto_fab_0|alt_sld_fab_0|alt_sld_fab_0|auto_signaltap_auto_signaltap_0|sld_signaltap_inst|sld_signaltap_body|sld_signaltap_body|jtag_comm|stp_non_zero_depth_offload_gen.stp_offload_buff_mgr_inst|ram_data_shift_out|dffs[73]                                   ; 1.599             ;
; auto_fab_0|alt_sld_fab_0|alt_sld_fab_0|auto_signaltap_auto_signaltap_0|sld_signaltap_inst|sld_signaltap_body|sld_signaltap_body|acq_core|ela_control|basic_multi_level_mbpm_trigger_gen.multi_level_mbpm|trigger_condition_deserialize|dffs[33]                                   ; auto_fab_0|alt_sld_fab_0|alt_sld_fab_0|auto_signaltap_auto_signaltap_0|sld_signaltap_inst|sld_signaltap_body|sld_signaltap_body|acq_core|ela_control|basic_multi_level_mbpm_trigger_gen.multi_level_mbpm|trigger_condition_deserialize|dffs[32]                  ; 1.590             ;
; auto_fab_0|alt_sld_fab_0|alt_sld_fab_0|auto_signaltap_auto_signaltap_0|sld_signaltap_inst|sld_signaltap_body|sld_signaltap_body|jtag_comm|stp_non_zero_depth_offload_gen.stp_offload_buff_mgr_inst|adv_point_3_and_more.advance_pointer_counter|auto_generated|counter_reg_bit[1] ; auto_fab_0|alt_sld_fab_0|alt_sld_fab_0|auto_signaltap_auto_signaltap_0|sld_signaltap_inst|sld_signaltap_body|sld_signaltap_body|jtag_comm|stp_non_zero_depth_offload_gen.stp_offload_buff_mgr_inst|ram_data_shift_out|dffs[39]                                   ; 1.586             ;
; auto_fab_0|alt_sld_fab_0|alt_sld_fab_0|auto_signaltap_auto_signaltap_0|sld_signaltap_inst|sld_signaltap_body|sld_signaltap_body|jtag_comm|tdo_crc_gen.tdo_crc_calc|lfsr[6]                                                                                                        ; auto_fab_0|alt_sld_fab_0|alt_sld_fab_0|auto_signaltap_auto_signaltap_0|sld_signaltap_inst|sld_signaltap_body|sld_signaltap_body|jtag_comm|tdo_crc_val_shift_reg[6]                                                                                               ; 1.582             ;
; auto_fab_0|alt_sld_fab_0|alt_sld_fab_0|auto_signaltap_auto_signaltap_0|sld_signaltap_inst|sld_signaltap_body|sld_signaltap_body|jtag_comm|stp_non_zero_depth_offload_gen.stp_offload_buff_mgr_inst|adv_point_3_and_more.advance_pointer_counter|auto_generated|counter_reg_bit[4] ; auto_fab_0|alt_sld_fab_0|alt_sld_fab_0|auto_signaltap_auto_signaltap_0|sld_signaltap_inst|sld_signaltap_body|sld_signaltap_body|jtag_comm|stp_non_zero_depth_offload_gen.stp_offload_buff_mgr_inst|ram_data_shift_out|dffs[39]                                   ; 1.582             ;
; auto_fab_0|alt_sld_fab_0|alt_sld_fab_0|auto_signaltap_auto_signaltap_0|sld_signaltap_inst|sld_signaltap_body|sld_signaltap_body|jtag_comm|tdo_crc_gen.tdo_crc_calc|lfsr[0]                                                                                                        ; auto_fab_0|alt_sld_fab_0|alt_sld_fab_0|auto_signaltap_auto_signaltap_0|sld_signaltap_inst|sld_signaltap_body|sld_signaltap_body|jtag_comm|tdo_crc_val_shift_reg[0]                                                                                               ; 1.582             ;
; auto_fab_0|alt_sld_fab_0|alt_sld_fab_0|auto_signaltap_auto_signaltap_0|sld_signaltap_inst|sld_signaltap_body|sld_signaltap_body|jtag_comm|stp_non_zero_depth_offload_gen.stp_offload_buff_mgr_inst|adv_point_3_and_more.advance_pointer_counter|auto_generated|counter_reg_bit[6] ; auto_fab_0|alt_sld_fab_0|alt_sld_fab_0|auto_signaltap_auto_signaltap_0|sld_signaltap_inst|sld_signaltap_body|sld_signaltap_body|jtag_comm|stp_non_zero_depth_offload_gen.stp_offload_buff_mgr_inst|ram_data_shift_out|dffs[39]                                   ; 1.576             ;
; auto_fab_0|alt_sld_fab_0|alt_sld_fab_0|auto_signaltap_auto_signaltap_0|sld_signaltap_inst|sld_signaltap_body|sld_signaltap_body|jtag_comm|tdo_crc_gen.tdo_crc_calc|lfsr[8]                                                                                                        ; auto_fab_0|alt_sld_fab_0|alt_sld_fab_0|auto_signaltap_auto_signaltap_0|sld_signaltap_inst|sld_signaltap_body|sld_signaltap_body|jtag_comm|tdo_crc_val_shift_reg[8]                                                                                               ; 1.565             ;
; auto_fab_0|alt_sld_fab_0|alt_sld_fab_0|auto_signaltap_auto_signaltap_0|sld_signaltap_inst|sld_signaltap_body|sld_signaltap_body|jtag_comm|tdo_crc_gen.tdo_crc_calc|lfsr[7]                                                                                                        ; auto_fab_0|alt_sld_fab_0|alt_sld_fab_0|auto_signaltap_auto_signaltap_0|sld_signaltap_inst|sld_signaltap_body|sld_signaltap_body|jtag_comm|tdo_crc_val_shift_reg[7]                                                                                               ; 1.556             ;
; auto_fab_0|alt_sld_fab_0|alt_sld_fab_0|auto_signaltap_auto_signaltap_0|sld_signaltap_inst|sld_signaltap_body|sld_signaltap_body|jtag_comm|stp_non_zero_depth_offload_gen.stp_offload_buff_mgr_inst|adv_point_3_and_more.advance_pointer_counter|auto_generated|counter_reg_bit[3] ; auto_fab_0|alt_sld_fab_0|alt_sld_fab_0|auto_signaltap_auto_signaltap_0|sld_signaltap_inst|sld_signaltap_body|sld_signaltap_body|jtag_comm|stp_non_zero_depth_offload_gen.stp_offload_buff_mgr_inst|ram_data_shift_out|dffs[39]                                   ; 1.546             ;
; auto_fab_0|alt_sld_fab_0|alt_sld_fab_0|auto_signaltap_auto_signaltap_0|sld_signaltap_inst|sld_signaltap_body|sld_signaltap_body|jtag_comm|tdo_crc_gen.tdo_crc_calc|lfsr[5]                                                                                                        ; auto_fab_0|alt_sld_fab_0|alt_sld_fab_0|auto_signaltap_auto_signaltap_0|sld_signaltap_inst|sld_signaltap_body|sld_signaltap_body|jtag_comm|tdo_crc_val_shift_reg[5]                                                                                               ; 1.545             ;
; auto_fab_0|alt_sld_fab_0|alt_sld_fab_0|auto_signaltap_auto_signaltap_0|sld_signaltap_inst|sld_signaltap_body|sld_signaltap_body|jtag_comm|stp_non_zero_depth_offload_gen.stp_offload_buff_mgr_inst|adv_point_3_and_more.advance_pointer_counter|auto_generated|counter_reg_bit[2] ; auto_fab_0|alt_sld_fab_0|alt_sld_fab_0|auto_signaltap_auto_signaltap_0|sld_signaltap_inst|sld_signaltap_body|sld_signaltap_body|jtag_comm|stp_non_zero_depth_offload_gen.stp_offload_buff_mgr_inst|ram_data_shift_out|dffs[39]                                   ; 1.544             ;
; auto_fab_0|alt_sld_fab_0|alt_sld_fab_0|auto_signaltap_auto_signaltap_0|sld_signaltap_inst|sld_signaltap_body|sld_signaltap_body|jtag_comm|tdo_crc_gen.tdo_crc_calc|lfsr[11]                                                                                                       ; auto_fab_0|alt_sld_fab_0|alt_sld_fab_0|auto_signaltap_auto_signaltap_0|sld_signaltap_inst|sld_signaltap_body|sld_signaltap_body|jtag_comm|tdo_crc_val_shift_reg[11]                                                                                              ; 1.543             ;
; auto_fab_0|alt_sld_fab_0|alt_sld_fab_0|auto_signaltap_auto_signaltap_0|sld_signaltap_inst|sld_signaltap_body|sld_signaltap_body|jtag_comm|tdo_crc_gen.tdo_crc_calc|lfsr[10]                                                                                                       ; auto_fab_0|alt_sld_fab_0|alt_sld_fab_0|auto_signaltap_auto_signaltap_0|sld_signaltap_inst|sld_signaltap_body|sld_signaltap_body|jtag_comm|tdo_crc_val_shift_reg[10]                                                                                              ; 1.537             ;
; auto_fab_0|alt_sld_fab_0|alt_sld_fab_0|auto_signaltap_auto_signaltap_0|sld_signaltap_inst|sld_signaltap_body|sld_signaltap_body|acq_core|ela_control|basic_multi_level_mbpm_trigger_gen.multi_level_mbpm|trigger_condition_deserialize|dffs[2]                                    ; auto_fab_0|alt_sld_fab_0|alt_sld_fab_0|auto_signaltap_auto_signaltap_0|sld_signaltap_inst|sld_signaltap_body|sld_signaltap_body|acq_core|ela_control|basic_multi_level_mbpm_trigger_gen.multi_level_mbpm|trigger_condition_deserialize|dffs[1]                   ; 1.537             ;
; auto_fab_0|alt_sld_fab_0|alt_sld_fab_0|auto_signaltap_auto_signaltap_0|sld_signaltap_inst|sld_signaltap_body|sld_signaltap_body|jtag_comm|tdo_crc_gen.tdo_crc_calc|lfsr[9]                                                                                                        ; auto_fab_0|alt_sld_fab_0|alt_sld_fab_0|auto_signaltap_auto_signaltap_0|sld_signaltap_inst|sld_signaltap_body|sld_signaltap_body|jtag_comm|tdo_crc_val_shift_reg[9]                                                                                               ; 1.535             ;
; auto_fab_0|alt_sld_fab_0|alt_sld_fab_0|auto_signaltap_auto_signaltap_0|sld_signaltap_inst|sld_signaltap_body|sld_signaltap_body|jtag_comm|tdo_crc_gen.tdo_crc_calc|lfsr[1]                                                                                                        ; auto_fab_0|alt_sld_fab_0|alt_sld_fab_0|auto_signaltap_auto_signaltap_0|sld_signaltap_inst|sld_signaltap_body|sld_signaltap_body|jtag_comm|tdo_crc_val_shift_reg[1]                                                                                               ; 1.527             ;
; auto_fab_0|alt_sld_fab_0|alt_sld_fab_0|auto_signaltap_auto_signaltap_0|sld_signaltap_inst|sld_signaltap_body|sld_signaltap_body|jtag_comm|stp_non_zero_depth_offload_gen.stp_offload_buff_mgr_inst|adv_point_3_and_more.advance_pointer_counter|auto_generated|counter_reg_bit[5] ; auto_fab_0|alt_sld_fab_0|alt_sld_fab_0|auto_signaltap_auto_signaltap_0|sld_signaltap_inst|sld_signaltap_body|sld_signaltap_body|jtag_comm|stp_non_zero_depth_offload_gen.stp_offload_buff_mgr_inst|ram_data_shift_out|dffs[39]                                   ; 1.525             ;
; auto_fab_0|alt_sld_fab_0|alt_sld_fab_0|sldfabric|jtag_hub_gen.real_sld_jtag_hub|shadow_jsm|state[4]                                                                                                                                                                               ; auto_fab_0|alt_sld_fab_0|alt_sld_fab_0|auto_signaltap_auto_signaltap_0|sld_signaltap_inst|sld_signaltap_body|sld_signaltap_body|jtag_comm|stp_non_zero_depth_offload_gen.stp_offload_buff_mgr_inst|ram_data_shift_out|dffs[73]                                   ; 1.522             ;
; auto_fab_0|alt_sld_fab_0|alt_sld_fab_0|auto_signaltap_auto_signaltap_0|sld_signaltap_inst|sld_signaltap_body|sld_signaltap_body|jtag_comm|tdo_crc_gen.tdo_crc_calc|lfsr[12]                                                                                                       ; auto_fab_0|alt_sld_fab_0|alt_sld_fab_0|auto_signaltap_auto_signaltap_0|sld_signaltap_inst|sld_signaltap_body|sld_signaltap_body|jtag_comm|tdo_crc_val_shift_reg[12]                                                                                              ; 1.522             ;
; auto_fab_0|alt_sld_fab_0|alt_sld_fab_0|sldfabric|jtag_hub_gen.real_sld_jtag_hub|node_ena_reg[1]                                                                                                                                                                                   ; auto_fab_0|alt_sld_fab_0|alt_sld_fab_0|auto_signaltap_auto_signaltap_0|sld_signaltap_inst|sld_signaltap_body|sld_signaltap_body|jtag_comm|stp_non_zero_depth_offload_gen.stp_offload_buff_mgr_inst|ram_data_shift_out|dffs[73]                                   ; 1.511             ;
; auto_fab_0|alt_sld_fab_0|alt_sld_fab_0|auto_signaltap_auto_signaltap_0|sld_signaltap_inst|sld_signaltap_body|sld_signaltap_body|jtag_comm|tdo_crc_gen.tdo_crc_calc|lfsr[4]                                                                                                        ; auto_fab_0|alt_sld_fab_0|alt_sld_fab_0|auto_signaltap_auto_signaltap_0|sld_signaltap_inst|sld_signaltap_body|sld_signaltap_body|jtag_comm|tdo_crc_val_shift_reg[4]                                                                                               ; 1.502             ;
; auto_fab_0|alt_sld_fab_0|alt_sld_fab_0|auto_signaltap_auto_signaltap_0|sld_signaltap_inst|sld_signaltap_body|sld_signaltap_body|jtag_comm|tdo_crc_gen.tdo_crc_calc|lfsr[3]                                                                                                        ; auto_fab_0|alt_sld_fab_0|alt_sld_fab_0|auto_signaltap_auto_signaltap_0|sld_signaltap_inst|sld_signaltap_body|sld_signaltap_body|jtag_comm|tdo_crc_val_shift_reg[3]                                                                                               ; 1.501             ;
; auto_fab_0|alt_sld_fab_0|alt_sld_fab_0|sldfabric|jtag_hub_gen.real_sld_jtag_hub|irf_reg[1][4]                                                                                                                                                                                     ; auto_fab_0|alt_sld_fab_0|alt_sld_fab_0|auto_signaltap_auto_signaltap_0|sld_signaltap_inst|sld_signaltap_body|sld_signaltap_body|jtag_comm|stp_non_zero_depth_offload_gen.stp_offload_buff_mgr_inst|ram_data_shift_out|dffs[73]                                   ; 1.501             ;
; auto_fab_0|alt_sld_fab_0|alt_sld_fab_0|auto_signaltap_auto_signaltap_0|sld_signaltap_inst|sld_signaltap_body|sld_signaltap_body|jtag_comm|stp_non_zero_depth_offload_gen.stp_offload_buff_mgr_inst|ram_data_shift_out|dffs[31]                                                    ; auto_fab_0|alt_sld_fab_0|alt_sld_fab_0|auto_signaltap_auto_signaltap_0|sld_signaltap_inst|sld_signaltap_body|sld_signaltap_body|jtag_comm|stp_non_zero_depth_offload_gen.stp_offload_buff_mgr_inst|ram_data_shift_out|dffs[30]                                   ; 1.494             ;
; auto_fab_0|alt_sld_fab_0|alt_sld_fab_0|auto_signaltap_auto_signaltap_0|sld_signaltap_inst|sld_signaltap_body|sld_signaltap_body|jtag_comm|tdo_crc_gen.tdo_crc_calc|lfsr[2]                                                                                                        ; auto_fab_0|alt_sld_fab_0|alt_sld_fab_0|auto_signaltap_auto_signaltap_0|sld_signaltap_inst|sld_signaltap_body|sld_signaltap_body|jtag_comm|tdo_crc_val_shift_reg[2]                                                                                               ; 1.494             ;
; auto_fab_0|alt_sld_fab_0|alt_sld_fab_0|auto_signaltap_auto_signaltap_0|sld_signaltap_inst|sld_signaltap_body|sld_signaltap_body|acq_core|ela_control|basic_multi_level_mbpm_trigger_gen.multi_level_mbpm|trigger_condition_deserialize|dffs[163]                                  ; auto_fab_0|alt_sld_fab_0|alt_sld_fab_0|auto_signaltap_auto_signaltap_0|sld_signaltap_inst|sld_signaltap_body|sld_signaltap_body|acq_core|ela_control|basic_multi_level_mbpm_trigger_gen.multi_level_mbpm|trigger_condition_deserialize|dffs[162]                 ; 1.493             ;
; auto_fab_0|alt_sld_fab_0|alt_sld_fab_0|auto_signaltap_auto_signaltap_0|sld_signaltap_inst|sld_signaltap_body|sld_signaltap_body|jtag_comm|reset_all                                                                                                                               ; auto_fab_0|alt_sld_fab_0|alt_sld_fab_0|auto_signaltap_auto_signaltap_0|sld_signaltap_inst|sld_signaltap_body|sld_signaltap_body|jtag_comm|stp_non_zero_depth_offload_gen.stp_offload_buff_mgr_inst|ram_data_shift_out|dffs[73]                                   ; 1.482             ;
; auto_fab_0|alt_sld_fab_0|alt_sld_fab_0|auto_signaltap_auto_signaltap_0|sld_signaltap_inst|sld_signaltap_body|sld_signaltap_body|acq_core|ela_control|basic_multi_level_mbpm_trigger_gen.multi_level_mbpm|trigger_condition_deserialize|dffs[187]                                  ; auto_fab_0|alt_sld_fab_0|alt_sld_fab_0|auto_signaltap_auto_signaltap_0|sld_signaltap_inst|sld_signaltap_body|sld_signaltap_body|acq_core|ela_control|basic_multi_level_mbpm_trigger_gen.multi_level_mbpm|trigger_condition_deserialize|dffs[186]                 ; 1.478             ;
; auto_fab_0|alt_sld_fab_0|alt_sld_fab_0|auto_signaltap_auto_signaltap_0|sld_signaltap_inst|sld_signaltap_body|sld_signaltap_body|acq_core|ela_control|basic_multi_level_mbpm_trigger_gen.multi_level_mbpm|trigger_condition_deserialize|dffs[242]                                  ; auto_fab_0|alt_sld_fab_0|alt_sld_fab_0|auto_signaltap_auto_signaltap_0|sld_signaltap_inst|sld_signaltap_body|sld_signaltap_body|acq_core|ela_control|basic_multi_level_mbpm_trigger_gen.multi_level_mbpm|trigger_condition_deserialize|dffs[241]                 ; 1.470             ;
; auto_fab_0|alt_sld_fab_0|alt_sld_fab_0|sldfabric|jtag_hub_gen.real_sld_jtag_hub|virtual_ir_scan_reg                                                                                                                                                                               ; auto_fab_0|alt_sld_fab_0|alt_sld_fab_0|auto_signaltap_auto_signaltap_0|sld_signaltap_inst|sld_signaltap_body|sld_signaltap_body|jtag_comm|stp_non_zero_depth_offload_gen.stp_offload_buff_mgr_inst|ram_data_shift_out|dffs[73]                                   ; 1.461             ;
; auto_fab_0|alt_sld_fab_0|alt_sld_fab_0|auto_signaltap_auto_signaltap_0|sld_signaltap_inst|sld_signaltap_body|sld_signaltap_body|acq_core|ela_control|basic_multi_level_mbpm_trigger_gen.multi_level_mbpm|trigger_condition_deserialize|dffs[224]                                  ; auto_fab_0|alt_sld_fab_0|alt_sld_fab_0|auto_signaltap_auto_signaltap_0|sld_signaltap_inst|sld_signaltap_body|sld_signaltap_body|acq_core|ela_control|basic_multi_level_mbpm_trigger_gen.multi_level_mbpm|trigger_condition_deserialize|dffs[223]                 ; 1.457             ;
; auto_fab_0|alt_sld_fab_0|alt_sld_fab_0|auto_signaltap_auto_signaltap_0|sld_signaltap_inst|sld_signaltap_body|sld_signaltap_body|acq_core|ela_control|basic_multi_level_mbpm_trigger_gen.multi_level_mbpm|trigger_condition_deserialize|dffs[136]                                  ; auto_fab_0|alt_sld_fab_0|alt_sld_fab_0|auto_signaltap_auto_signaltap_0|sld_signaltap_inst|sld_signaltap_body|sld_signaltap_body|acq_core|ela_control|basic_multi_level_mbpm_trigger_gen.multi_level_mbpm|trigger_condition_deserialize|dffs[135]                 ; 1.444             ;
; auto_fab_0|alt_sld_fab_0|alt_sld_fab_0|auto_signaltap_auto_signaltap_0|sld_signaltap_inst|sld_signaltap_body|sld_signaltap_body|acq_core|ela_control|basic_multi_level_mbpm_trigger_gen.multi_level_mbpm|trigger_condition_deserialize|dffs[40]                                   ; auto_fab_0|alt_sld_fab_0|alt_sld_fab_0|auto_signaltap_auto_signaltap_0|sld_signaltap_inst|sld_signaltap_body|sld_signaltap_body|acq_core|ela_control|basic_multi_level_mbpm_trigger_gen.multi_level_mbpm|trigger_condition_deserialize|dffs[39]                  ; 1.442             ;
; auto_fab_0|alt_sld_fab_0|alt_sld_fab_0|auto_signaltap_auto_signaltap_0|sld_signaltap_inst|sld_signaltap_body|sld_signaltap_body|jtag_comm|stp_non_zero_depth_offload_gen.stp_offload_buff_mgr_inst|ram_data_shift_out|dffs[59]                                                    ; auto_fab_0|alt_sld_fab_0|alt_sld_fab_0|auto_signaltap_auto_signaltap_0|sld_signaltap_inst|sld_signaltap_body|sld_signaltap_body|jtag_comm|stp_non_zero_depth_offload_gen.stp_offload_buff_mgr_inst|ram_data_shift_out|dffs[58]                                   ; 1.437             ;
; auto_fab_0|alt_sld_fab_0|alt_sld_fab_0|auto_signaltap_auto_signaltap_0|sld_signaltap_inst|sld_signaltap_body|sld_signaltap_body|jtag_comm|stp_non_zero_depth_offload_gen.stp_offload_buff_mgr_inst|ram_data_shift_out|dffs[9]                                                     ; auto_fab_0|alt_sld_fab_0|alt_sld_fab_0|auto_signaltap_auto_signaltap_0|sld_signaltap_inst|sld_signaltap_body|sld_signaltap_body|jtag_comm|stp_non_zero_depth_offload_gen.stp_offload_buff_mgr_inst|ram_data_shift_out|dffs[8]                                    ; 1.432             ;
; auto_fab_0|alt_sld_fab_0|alt_sld_fab_0|auto_signaltap_auto_signaltap_0|sld_signaltap_inst|sld_signaltap_body|sld_signaltap_body|acq_core|segment_offset_config_deserialize|dffs[14]                                                                                               ; auto_fab_0|alt_sld_fab_0|alt_sld_fab_0|auto_signaltap_auto_signaltap_0|sld_signaltap_inst|sld_signaltap_body|sld_signaltap_body|acq_core|segment_offset_config_deserialize|dffs[13]                                                                              ; 1.426             ;
; auto_fab_0|alt_sld_fab_0|alt_sld_fab_0|auto_signaltap_auto_signaltap_0|sld_signaltap_inst|sld_signaltap_body|sld_signaltap_body|acq_core|ela_control|basic_multi_level_mbpm_trigger_gen.multi_level_mbpm|trigger_condition_deserialize|dffs[143]                                  ; auto_fab_0|alt_sld_fab_0|alt_sld_fab_0|auto_signaltap_auto_signaltap_0|sld_signaltap_inst|sld_signaltap_body|sld_signaltap_body|acq_core|ela_control|basic_multi_level_mbpm_trigger_gen.multi_level_mbpm|trigger_condition_deserialize|dffs[142]                 ; 1.425             ;
; auto_fab_0|alt_sld_fab_0|alt_sld_fab_0|auto_signaltap_auto_signaltap_0|sld_signaltap_inst|sld_signaltap_body|sld_signaltap_body|jtag_comm|stp_non_zero_depth_offload_gen.stp_offload_buff_mgr_inst|ram_data_shift_out|dffs[5]                                                     ; auto_fab_0|alt_sld_fab_0|alt_sld_fab_0|auto_signaltap_auto_signaltap_0|sld_signaltap_inst|sld_signaltap_body|sld_signaltap_body|jtag_comm|stp_non_zero_depth_offload_gen.stp_offload_buff_mgr_inst|ram_data_shift_out|dffs[4]                                    ; 1.423             ;
; auto_fab_0|alt_sld_fab_0|alt_sld_fab_0|auto_signaltap_auto_signaltap_0|sld_signaltap_inst|sld_signaltap_body|sld_signaltap_body|jtag_comm|stp_non_zero_depth_offload_gen.stp_offload_buff_mgr_inst|ram_data_shift_out|dffs[15]                                                    ; auto_fab_0|alt_sld_fab_0|alt_sld_fab_0|auto_signaltap_auto_signaltap_0|sld_signaltap_inst|sld_signaltap_body|sld_signaltap_body|jtag_comm|stp_non_zero_depth_offload_gen.stp_offload_buff_mgr_inst|ram_data_shift_out|dffs[14]                                   ; 1.421             ;
; auto_fab_0|alt_sld_fab_0|alt_sld_fab_0|auto_signaltap_auto_signaltap_0|sld_signaltap_inst|sld_signaltap_body|sld_signaltap_body|acq_core|ela_control|basic_multi_level_mbpm_trigger_gen.multi_level_mbpm|trigger_condition_deserialize|dffs[210]                                  ; auto_fab_0|alt_sld_fab_0|alt_sld_fab_0|auto_signaltap_auto_signaltap_0|sld_signaltap_inst|sld_signaltap_body|sld_signaltap_body|acq_core|ela_control|basic_multi_level_mbpm_trigger_gen.multi_level_mbpm|trigger_condition_deserialize|dffs[209]                 ; 1.408             ;
; auto_fab_0|alt_sld_fab_0|alt_sld_fab_0|auto_signaltap_auto_signaltap_0|sld_signaltap_inst|sld_signaltap_body|sld_signaltap_body|acq_core|ela_control|basic_multi_level_mbpm_trigger_gen.multi_level_mbpm|trigger_condition_deserialize|dffs[157]                                  ; auto_fab_0|alt_sld_fab_0|alt_sld_fab_0|auto_signaltap_auto_signaltap_0|sld_signaltap_inst|sld_signaltap_body|sld_signaltap_body|acq_core|ela_control|basic_multi_level_mbpm_trigger_gen.multi_level_mbpm|trigger_condition_deserialize|dffs[156]                 ; 1.407             ;
; auto_fab_0|alt_sld_fab_0|alt_sld_fab_0|auto_signaltap_auto_signaltap_0|sld_signaltap_inst|sld_signaltap_body|sld_signaltap_body|jtag_comm|tdo_crc_len_reg[5]                                                                                                                      ; auto_fab_0|alt_sld_fab_0|alt_sld_fab_0|auto_signaltap_auto_signaltap_0|sld_signaltap_inst|sld_signaltap_body|sld_signaltap_body|jtag_comm|tdo_crc_len_reg[4]                                                                                                     ; 1.407             ;
; auto_fab_0|alt_sld_fab_0|alt_sld_fab_0|auto_signaltap_auto_signaltap_0|sld_signaltap_inst|sld_signaltap_body|sld_signaltap_body|jtag_comm|stp_non_zero_depth_offload_gen.stp_offload_buff_mgr_inst|ram_data_shift_out|dffs[45]                                                    ; auto_fab_0|alt_sld_fab_0|alt_sld_fab_0|auto_signaltap_auto_signaltap_0|sld_signaltap_inst|sld_signaltap_body|sld_signaltap_body|jtag_comm|stp_non_zero_depth_offload_gen.stp_offload_buff_mgr_inst|ram_data_shift_out|dffs[44]                                   ; 1.406             ;
; auto_fab_0|alt_sld_fab_0|alt_sld_fab_0|auto_signaltap_auto_signaltap_0|sld_signaltap_inst|sld_signaltap_body|sld_signaltap_body|acq_core|ela_control|basic_multi_level_mbpm_trigger_gen.multi_level_mbpm|trigger_condition_deserialize|dffs[161]                                  ; auto_fab_0|alt_sld_fab_0|alt_sld_fab_0|auto_signaltap_auto_signaltap_0|sld_signaltap_inst|sld_signaltap_body|sld_signaltap_body|acq_core|ela_control|basic_multi_level_mbpm_trigger_gen.multi_level_mbpm|trigger_condition_deserialize|dffs[160]                 ; 1.400             ;
; auto_fab_0|alt_sld_fab_0|alt_sld_fab_0|auto_signaltap_auto_signaltap_0|sld_signaltap_inst|sld_signaltap_body|sld_signaltap_body|jtag_comm|stp_non_zero_depth_offload_gen.stp_offload_buff_mgr_inst|ram_data_shift_out|dffs[38]                                                    ; auto_fab_0|alt_sld_fab_0|alt_sld_fab_0|auto_signaltap_auto_signaltap_0|sld_signaltap_inst|sld_signaltap_body|sld_signaltap_body|jtag_comm|stp_non_zero_depth_offload_gen.stp_offload_buff_mgr_inst|ram_data_shift_out|dffs[37]                                   ; 1.398             ;
; auto_fab_0|alt_sld_fab_0|alt_sld_fab_0|auto_signaltap_auto_signaltap_0|sld_signaltap_inst|sld_signaltap_body|sld_signaltap_body|acq_core|ela_control|basic_multi_level_mbpm_trigger_gen.multi_level_mbpm|trigger_condition_deserialize|dffs[230]                                  ; auto_fab_0|alt_sld_fab_0|alt_sld_fab_0|auto_signaltap_auto_signaltap_0|sld_signaltap_inst|sld_signaltap_body|sld_signaltap_body|acq_core|ela_control|basic_multi_level_mbpm_trigger_gen.multi_level_mbpm|trigger_condition_deserialize|dffs[229]                 ; 1.395             ;
; auto_fab_0|alt_sld_fab_0|alt_sld_fab_0|auto_signaltap_auto_signaltap_0|sld_signaltap_inst|sld_signaltap_body|sld_signaltap_body|jtag_comm|stp_non_zero_depth_offload_gen.stp_offload_buff_mgr_inst|ram_data_shift_out|dffs[41]                                                    ; auto_fab_0|alt_sld_fab_0|alt_sld_fab_0|auto_signaltap_auto_signaltap_0|sld_signaltap_inst|sld_signaltap_body|sld_signaltap_body|jtag_comm|stp_non_zero_depth_offload_gen.stp_offload_buff_mgr_inst|ram_data_shift_out|dffs[40]                                   ; 1.391             ;
; auto_fab_0|alt_sld_fab_0|alt_sld_fab_0|auto_signaltap_auto_signaltap_0|sld_signaltap_inst|sld_signaltap_body|sld_signaltap_body|acq_core|ela_control|basic_multi_level_mbpm_trigger_gen.multi_level_mbpm|trigger_condition_deserialize|dffs[101]                                  ; auto_fab_0|alt_sld_fab_0|alt_sld_fab_0|auto_signaltap_auto_signaltap_0|sld_signaltap_inst|sld_signaltap_body|sld_signaltap_body|acq_core|ela_control|basic_multi_level_mbpm_trigger_gen.multi_level_mbpm|trigger_condition_deserialize|dffs[100]                 ; 1.387             ;
; auto_fab_0|alt_sld_fab_0|alt_sld_fab_0|auto_signaltap_auto_signaltap_0|sld_signaltap_inst|sld_signaltap_body|sld_signaltap_body|acq_core|ela_control|basic_multi_level_mbpm_trigger_gen.multi_level_mbpm|trigger_condition_deserialize|dffs[70]                                   ; auto_fab_0|alt_sld_fab_0|alt_sld_fab_0|auto_signaltap_auto_signaltap_0|sld_signaltap_inst|sld_signaltap_body|sld_signaltap_body|acq_core|ela_control|basic_multi_level_mbpm_trigger_gen.multi_level_mbpm|trigger_condition_deserialize|dffs[69]                  ; 1.380             ;
; auto_fab_0|alt_sld_fab_0|alt_sld_fab_0|auto_signaltap_auto_signaltap_0|sld_signaltap_inst|sld_signaltap_body|sld_signaltap_body|acq_core|ela_control|basic_multi_level_mbpm_trigger_gen.multi_level_mbpm|trigger_condition_deserialize|dffs[166]                                  ; auto_fab_0|alt_sld_fab_0|alt_sld_fab_0|auto_signaltap_auto_signaltap_0|sld_signaltap_inst|sld_signaltap_body|sld_signaltap_body|acq_core|ela_control|basic_multi_level_mbpm_trigger_gen.multi_level_mbpm|trigger_condition_deserialize|dffs[165]                 ; 1.377             ;
; auto_fab_0|alt_sld_fab_0|alt_sld_fab_0|auto_signaltap_auto_signaltap_0|sld_signaltap_inst|sld_signaltap_body|sld_signaltap_body|jtag_comm|stp_non_zero_depth_offload_gen.stp_offload_buff_mgr_inst|ram_data_shift_out|dffs[14]                                                    ; auto_fab_0|alt_sld_fab_0|alt_sld_fab_0|auto_signaltap_auto_signaltap_0|sld_signaltap_inst|sld_signaltap_body|sld_signaltap_body|jtag_comm|stp_non_zero_depth_offload_gen.stp_offload_buff_mgr_inst|ram_data_shift_out|dffs[13]                                   ; 1.373             ;
; auto_fab_0|alt_sld_fab_0|alt_sld_fab_0|auto_signaltap_auto_signaltap_0|sld_signaltap_inst|sld_signaltap_body|sld_signaltap_body|acq_core|ela_control|basic_multi_level_mbpm_trigger_gen.multi_level_mbpm|trigger_condition_deserialize|dffs[67]                                   ; auto_fab_0|alt_sld_fab_0|alt_sld_fab_0|auto_signaltap_auto_signaltap_0|sld_signaltap_inst|sld_signaltap_body|sld_signaltap_body|acq_core|ela_control|basic_multi_level_mbpm_trigger_gen.multi_level_mbpm|trigger_condition_deserialize|dffs[66]                  ; 1.365             ;
; auto_fab_0|alt_sld_fab_0|alt_sld_fab_0|auto_signaltap_auto_signaltap_0|sld_signaltap_inst|sld_signaltap_body|sld_signaltap_body|acq_core|ela_control|basic_multi_level_mbpm_trigger_gen.multi_level_mbpm|trigger_condition_deserialize|dffs[190]                                  ; auto_fab_0|alt_sld_fab_0|alt_sld_fab_0|auto_signaltap_auto_signaltap_0|sld_signaltap_inst|sld_signaltap_body|sld_signaltap_body|acq_core|ela_control|basic_multi_level_mbpm_trigger_gen.multi_level_mbpm|trigger_condition_deserialize|dffs[189]                 ; 1.362             ;
; auto_fab_0|alt_sld_fab_0|alt_sld_fab_0|auto_signaltap_auto_signaltap_0|sld_signaltap_inst|sld_signaltap_body|sld_signaltap_body|jtag_comm|stp_non_zero_depth_offload_gen.stp_offload_buff_mgr_inst|ram_data_shift_out|dffs[48]                                                    ; auto_fab_0|alt_sld_fab_0|alt_sld_fab_0|auto_signaltap_auto_signaltap_0|sld_signaltap_inst|sld_signaltap_body|sld_signaltap_body|jtag_comm|stp_non_zero_depth_offload_gen.stp_offload_buff_mgr_inst|ram_data_shift_out|dffs[47]                                   ; 1.362             ;
; auto_fab_0|alt_sld_fab_0|alt_sld_fab_0|auto_signaltap_auto_signaltap_0|sld_signaltap_inst|sld_signaltap_body|sld_signaltap_body|acq_core|ela_control|basic_multi_level_mbpm_trigger_gen.multi_level_mbpm|trigger_condition_deserialize|dffs[146]                                  ; auto_fab_0|alt_sld_fab_0|alt_sld_fab_0|auto_signaltap_auto_signaltap_0|sld_signaltap_inst|sld_signaltap_body|sld_signaltap_body|acq_core|ela_control|basic_multi_level_mbpm_trigger_gen.multi_level_mbpm|trigger_condition_deserialize|dffs[145]                 ; 1.361             ;
; auto_fab_0|alt_sld_fab_0|alt_sld_fab_0|auto_signaltap_auto_signaltap_0|sld_signaltap_inst|sld_signaltap_body|sld_signaltap_body|jtag_comm|stp_non_zero_depth_offload_gen.stp_offload_buff_mgr_inst|status_read_pointer_counter|auto_generated|counter_reg_bit[0]                  ; auto_fab_0|alt_sld_fab_0|alt_sld_fab_0|auto_signaltap_auto_signaltap_0|sld_signaltap_inst|sld_signaltap_body|sld_signaltap_body|jtag_comm|stp_non_zero_depth_offload_gen.stp_offload_buff_mgr_inst|status_read_pointer_counter|auto_generated|counter_reg_bit[0] ; 1.361             ;
; auto_fab_0|alt_sld_fab_0|alt_sld_fab_0|auto_signaltap_auto_signaltap_0|sld_signaltap_inst|sld_signaltap_body|sld_signaltap_body|jtag_comm|stp_non_zero_depth_offload_gen.stp_offload_buff_mgr_inst|status_advance_pointer_counter|auto_generated|counter_reg_bit[1]               ; auto_fab_0|alt_sld_fab_0|alt_sld_fab_0|auto_signaltap_auto_signaltap_0|sld_signaltap_inst|sld_signaltap_body|sld_signaltap_body|jtag_comm|stp_non_zero_depth_offload_gen.stp_offload_buff_mgr_inst|status_data_shift_out|dffs[0]                                 ; 1.353             ;
; auto_fab_0|alt_sld_fab_0|alt_sld_fab_0|auto_signaltap_auto_signaltap_0|sld_signaltap_inst|sld_signaltap_body|sld_signaltap_body|jtag_comm|stp_non_zero_depth_offload_gen.stp_offload_buff_mgr_inst|ram_data_shift_out|dffs[12]                                                    ; auto_fab_0|alt_sld_fab_0|alt_sld_fab_0|auto_signaltap_auto_signaltap_0|sld_signaltap_inst|sld_signaltap_body|sld_signaltap_body|jtag_comm|stp_non_zero_depth_offload_gen.stp_offload_buff_mgr_inst|ram_data_shift_out|dffs[11]                                   ; 1.350             ;
; auto_fab_0|alt_sld_fab_0|alt_sld_fab_0|auto_signaltap_auto_signaltap_0|sld_signaltap_inst|sld_signaltap_body|sld_signaltap_body|jtag_comm|stp_non_zero_depth_offload_gen.stp_offload_buff_mgr_inst|ram_data_shift_out|dffs[55]                                                    ; auto_fab_0|alt_sld_fab_0|alt_sld_fab_0|auto_signaltap_auto_signaltap_0|sld_signaltap_inst|sld_signaltap_body|sld_signaltap_body|jtag_comm|stp_non_zero_depth_offload_gen.stp_offload_buff_mgr_inst|ram_data_shift_out|dffs[54]                                   ; 1.344             ;
; auto_fab_0|alt_sld_fab_0|alt_sld_fab_0|auto_signaltap_auto_signaltap_0|sld_signaltap_inst|sld_signaltap_body|sld_signaltap_body|acq_core|ela_control|basic_multi_level_mbpm_trigger_gen.multi_level_mbpm|trigger_condition_deserialize|dffs[227]                                  ; auto_fab_0|alt_sld_fab_0|alt_sld_fab_0|auto_signaltap_auto_signaltap_0|sld_signaltap_inst|sld_signaltap_body|sld_signaltap_body|acq_core|ela_control|basic_multi_level_mbpm_trigger_gen.multi_level_mbpm|trigger_condition_deserialize|dffs[226]                 ; 1.343             ;
; auto_fab_0|alt_sld_fab_0|alt_sld_fab_0|auto_signaltap_auto_signaltap_0|sld_signaltap_inst|sld_signaltap_body|sld_signaltap_body|jtag_comm|stp_non_zero_depth_offload_gen.stp_offload_buff_mgr_inst|status_advance_pointer_counter|auto_generated|counter_reg_bit[4]               ; auto_fab_0|alt_sld_fab_0|alt_sld_fab_0|auto_signaltap_auto_signaltap_0|sld_signaltap_inst|sld_signaltap_body|sld_signaltap_body|jtag_comm|stp_non_zero_depth_offload_gen.stp_offload_buff_mgr_inst|status_data_shift_out|dffs[0]                                 ; 1.338             ;
; auto_fab_0|alt_sld_fab_0|alt_sld_fab_0|auto_signaltap_auto_signaltap_0|sld_signaltap_inst|sld_signaltap_body|sld_signaltap_body|jtag_acq_clk_xing|stp_non_zero_ram_gen.attribute_mem_gen.attribute_mem|xq[3]                                                                      ; auto_fab_0|alt_sld_fab_0|alt_sld_fab_0|auto_signaltap_auto_signaltap_0|sld_signaltap_inst|sld_signaltap_body|sld_signaltap_body|jtag_comm|stp_non_zero_depth_offload_gen.stp_offload_buff_mgr_inst|status_data_shift_out|dffs[3]                                 ; 1.338             ;
; auto_fab_0|alt_sld_fab_0|alt_sld_fab_0|auto_signaltap_auto_signaltap_0|sld_signaltap_inst|sld_signaltap_body|sld_signaltap_body|jtag_comm|stp_non_zero_depth_offload_gen.stp_offload_buff_mgr_inst|status_advance_pointer_counter|auto_generated|counter_reg_bit[3]               ; auto_fab_0|alt_sld_fab_0|alt_sld_fab_0|auto_signaltap_auto_signaltap_0|sld_signaltap_inst|sld_signaltap_body|sld_signaltap_body|jtag_comm|stp_non_zero_depth_offload_gen.stp_offload_buff_mgr_inst|status_data_shift_out|dffs[0]                                 ; 1.336             ;
; auto_fab_0|alt_sld_fab_0|alt_sld_fab_0|auto_signaltap_auto_signaltap_0|sld_signaltap_inst|sld_signaltap_body|sld_signaltap_body|jtag_acq_clk_xing|stp_non_zero_ram_gen.attribute_mem_gen.attribute_mem|xq[1]                                                                      ; auto_fab_0|alt_sld_fab_0|alt_sld_fab_0|auto_signaltap_auto_signaltap_0|sld_signaltap_inst|sld_signaltap_body|sld_signaltap_body|jtag_comm|stp_non_zero_depth_offload_gen.stp_offload_buff_mgr_inst|status_data_shift_out|dffs[1]                                 ; 1.331             ;
; auto_fab_0|alt_sld_fab_0|alt_sld_fab_0|auto_signaltap_auto_signaltap_0|sld_signaltap_inst|sld_signaltap_body|sld_signaltap_body|acq_core|ela_control|basic_multi_level_mbpm_trigger_gen.multi_level_mbpm|trigger_condition_deserialize|dffs[217]                                  ; auto_fab_0|alt_sld_fab_0|alt_sld_fab_0|auto_signaltap_auto_signaltap_0|sld_signaltap_inst|sld_signaltap_body|sld_signaltap_body|acq_core|ela_control|basic_multi_level_mbpm_trigger_gen.multi_level_mbpm|trigger_condition_deserialize|dffs[216]                 ; 1.327             ;
; auto_fab_0|alt_sld_fab_0|alt_sld_fab_0|auto_signaltap_auto_signaltap_0|sld_signaltap_inst|sld_signaltap_body|sld_signaltap_body|jtag_comm|stp_non_zero_depth_offload_gen.stp_offload_buff_mgr_inst|info_data_shift_out|dffs[13]                                                   ; auto_fab_0|alt_sld_fab_0|alt_sld_fab_0|auto_signaltap_auto_signaltap_0|sld_signaltap_inst|sld_signaltap_body|sld_signaltap_body|jtag_comm|stp_non_zero_depth_offload_gen.stp_offload_buff_mgr_inst|info_data_shift_out|dffs[12]                                  ; 1.327             ;
; auto_fab_0|alt_sld_fab_0|alt_sld_fab_0|auto_signaltap_auto_signaltap_0|sld_signaltap_inst|sld_signaltap_body|sld_signaltap_body|acq_core|ela_control|basic_multi_level_mbpm_trigger_gen.multi_level_mbpm|trigger_condition_deserialize|dffs[45]                                   ; auto_fab_0|alt_sld_fab_0|alt_sld_fab_0|auto_signaltap_auto_signaltap_0|sld_signaltap_inst|sld_signaltap_body|sld_signaltap_body|acq_core|ela_control|basic_multi_level_mbpm_trigger_gen.multi_level_mbpm|trigger_condition_deserialize|dffs[44]                  ; 1.325             ;
; auto_fab_0|alt_sld_fab_0|alt_sld_fab_0|auto_signaltap_auto_signaltap_0|sld_signaltap_inst|sld_signaltap_body|sld_signaltap_body|jtag_comm|stp_non_zero_depth_offload_gen.stp_offload_buff_mgr_inst|ram_data_shift_out|dffs[23]                                                    ; auto_fab_0|alt_sld_fab_0|alt_sld_fab_0|auto_signaltap_auto_signaltap_0|sld_signaltap_inst|sld_signaltap_body|sld_signaltap_body|jtag_comm|stp_non_zero_depth_offload_gen.stp_offload_buff_mgr_inst|ram_data_shift_out|dffs[22]                                   ; 1.324             ;
; auto_fab_0|alt_sld_fab_0|alt_sld_fab_0|auto_signaltap_auto_signaltap_0|sld_signaltap_inst|sld_signaltap_body|sld_signaltap_body|jtag_comm|stp_non_zero_depth_offload_gen.stp_offload_buff_mgr_inst|ram_data_shift_out|dffs[61]                                                    ; auto_fab_0|alt_sld_fab_0|alt_sld_fab_0|auto_signaltap_auto_signaltap_0|sld_signaltap_inst|sld_signaltap_body|sld_signaltap_body|jtag_comm|stp_non_zero_depth_offload_gen.stp_offload_buff_mgr_inst|ram_data_shift_out|dffs[60]                                   ; 1.323             ;
; auto_fab_0|alt_sld_fab_0|alt_sld_fab_0|auto_signaltap_auto_signaltap_0|sld_signaltap_inst|sld_signaltap_body|sld_signaltap_body|acq_core|ela_control|basic_multi_level_mbpm_trigger_gen.multi_level_mbpm|trigger_condition_deserialize|dffs[113]                                  ; auto_fab_0|alt_sld_fab_0|alt_sld_fab_0|auto_signaltap_auto_signaltap_0|sld_signaltap_inst|sld_signaltap_body|sld_signaltap_body|acq_core|ela_control|basic_multi_level_mbpm_trigger_gen.multi_level_mbpm|trigger_condition_deserialize|dffs[112]                 ; 1.320             ;
; auto_fab_0|alt_sld_fab_0|alt_sld_fab_0|auto_signaltap_auto_signaltap_0|sld_signaltap_inst|sld_signaltap_body|sld_signaltap_body|jtag_comm|tdo_crc_len_reg[16]                                                                                                                     ; auto_fab_0|alt_sld_fab_0|alt_sld_fab_0|auto_signaltap_auto_signaltap_0|sld_signaltap_inst|sld_signaltap_body|sld_signaltap_body|jtag_comm|tdo_crc_len_reg[15]                                                                                                    ; 1.320             ;
; auto_fab_0|alt_sld_fab_0|alt_sld_fab_0|auto_signaltap_auto_signaltap_0|sld_signaltap_inst|sld_signaltap_body|sld_signaltap_body|acq_core|ela_control|basic_multi_level_mbpm_trigger_gen.multi_level_mbpm|trigger_condition_deserialize|dffs[180]                                  ; auto_fab_0|alt_sld_fab_0|alt_sld_fab_0|auto_signaltap_auto_signaltap_0|sld_signaltap_inst|sld_signaltap_body|sld_signaltap_body|acq_core|ela_control|basic_multi_level_mbpm_trigger_gen.multi_level_mbpm|trigger_condition_deserialize|dffs[179]                 ; 1.313             ;
; auto_fab_0|alt_sld_fab_0|alt_sld_fab_0|auto_signaltap_auto_signaltap_0|sld_signaltap_inst|sld_signaltap_body|sld_signaltap_body|acq_core|ela_control|basic_multi_level_mbpm_trigger_gen.multi_level_mbpm|trigger_condition_deserialize|dffs[184]                                  ; auto_fab_0|alt_sld_fab_0|alt_sld_fab_0|auto_signaltap_auto_signaltap_0|sld_signaltap_inst|sld_signaltap_body|sld_signaltap_body|acq_core|ela_control|basic_multi_level_mbpm_trigger_gen.multi_level_mbpm|trigger_condition_deserialize|dffs[183]                 ; 1.309             ;
; auto_fab_0|alt_sld_fab_0|alt_sld_fab_0|auto_signaltap_auto_signaltap_0|sld_signaltap_inst|sld_signaltap_body|sld_signaltap_body|jtag_comm|stp_non_zero_depth_offload_gen.stp_offload_buff_mgr_inst|ram_data_shift_out|dffs[62]                                                    ; auto_fab_0|alt_sld_fab_0|alt_sld_fab_0|auto_signaltap_auto_signaltap_0|sld_signaltap_inst|sld_signaltap_body|sld_signaltap_body|jtag_comm|stp_non_zero_depth_offload_gen.stp_offload_buff_mgr_inst|ram_data_shift_out|dffs[61]                                   ; 1.305             ;
; auto_fab_0|alt_sld_fab_0|alt_sld_fab_0|auto_signaltap_auto_signaltap_0|sld_signaltap_inst|sld_signaltap_body|sld_signaltap_body|acq_core|ela_control|basic_multi_level_mbpm_trigger_gen.multi_level_mbpm|trigger_condition_deserialize|dffs[156]                                  ; auto_fab_0|alt_sld_fab_0|alt_sld_fab_0|auto_signaltap_auto_signaltap_0|sld_signaltap_inst|sld_signaltap_body|sld_signaltap_body|acq_core|ela_control|basic_multi_level_mbpm_trigger_gen.multi_level_mbpm|trigger_condition_deserialize|dffs[155]                 ; 1.305             ;
; auto_fab_0|alt_sld_fab_0|alt_sld_fab_0|auto_signaltap_auto_signaltap_0|sld_signaltap_inst|sld_signaltap_body|sld_signaltap_body|jtag_comm|stp_non_zero_depth_offload_gen.stp_offload_buff_mgr_inst|ram_data_shift_out|dffs[40]                                                    ; auto_fab_0|alt_sld_fab_0|alt_sld_fab_0|auto_signaltap_auto_signaltap_0|sld_signaltap_inst|sld_signaltap_body|sld_signaltap_body|jtag_comm|stp_non_zero_depth_offload_gen.stp_offload_buff_mgr_inst|ram_data_shift_out|dffs[39]                                   ; 1.299             ;
; auto_fab_0|alt_sld_fab_0|alt_sld_fab_0|auto_signaltap_auto_signaltap_0|sld_signaltap_inst|sld_signaltap_body|sld_signaltap_body|acq_core|segment_offset_config_deserialize|dffs[2]                                                                                                ; auto_fab_0|alt_sld_fab_0|alt_sld_fab_0|auto_signaltap_auto_signaltap_0|sld_signaltap_inst|sld_signaltap_body|sld_signaltap_body|acq_core|segment_offset_config_deserialize|dffs[1]                                                                               ; 1.299             ;
; auto_fab_0|alt_sld_fab_0|alt_sld_fab_0|auto_signaltap_auto_signaltap_0|sld_signaltap_inst|sld_signaltap_body|sld_signaltap_body|acq_core|ela_control|basic_multi_level_mbpm_trigger_gen.multi_level_mbpm|trigger_condition_deserialize|dffs[105]                                  ; auto_fab_0|alt_sld_fab_0|alt_sld_fab_0|auto_signaltap_auto_signaltap_0|sld_signaltap_inst|sld_signaltap_body|sld_signaltap_body|acq_core|ela_control|basic_multi_level_mbpm_trigger_gen.multi_level_mbpm|trigger_condition_deserialize|dffs[104]                 ; 1.298             ;
; auto_fab_0|alt_sld_fab_0|alt_sld_fab_0|auto_signaltap_auto_signaltap_0|sld_signaltap_inst|sld_signaltap_body|sld_signaltap_body|jtag_comm|stp_non_zero_depth_offload_gen.stp_offload_buff_mgr_inst|ram_data_shift_out|dffs[6]                                                     ; auto_fab_0|alt_sld_fab_0|alt_sld_fab_0|auto_signaltap_auto_signaltap_0|sld_signaltap_inst|sld_signaltap_body|sld_signaltap_body|jtag_comm|stp_non_zero_depth_offload_gen.stp_offload_buff_mgr_inst|ram_data_shift_out|dffs[5]                                    ; 1.293             ;
+-----------------------------------------------------------------------------------------------------------------------------------------------------------------------------------------------------------------------------------------------------------------------------------+------------------------------------------------------------------------------------------------------------------------------------------------------------------------------------------------------------------------------------------------------------------+-------------------+
Note: This table only shows the top 100 path(s) that have the largest delay added for hold.


