Fitter Finalize Stage Report for test1280M
Wed May 26 20:46:48 2021
Quartus Prime Version 21.1.0 Build 169 03/24/2021 SC Pro Edition


---------------------
; Table of Contents ;
---------------------
  1. Legal Notice
  2. Fitter HSLP Summary
  3. Finalize Messages



----------------
; Legal Notice ;
----------------
Copyright (C) 2021  Intel Corporation. All rights reserved.
Your use of Intel Corporation's design tools, logic functions 
and other software and tools, and any partner logic 
functions, and any output files from any of the foregoing 
(including device programming or simulation files), and any 
associated documentation or information are expressly subject 
to the terms and conditions of the Intel Program License 
Subscription Agreement, the Intel Quartus Prime License Agreement,
the Intel FPGA IP License Agreement, or other applicable license
agreement, including, without limitation, that your use is for
the sole purpose of programming logic devices manufactured by
Intel and sold by Intel or its authorized distributors.  Please
refer to the applicable agreement for further details, at
https://fpgasoftware.intel.com/eula.



+-------------------------------------------------------------------------------+
; Fitter HSLP Summary                                                           ;
+--------------------------------------------------------+---------------+------+
; Resource                                               ; Usage         ; %    ;
+--------------------------------------------------------+---------------+------+
;                                                        ;               ;      ;
; Programmable power technology high-speed tiles         ; 369 / 3,531   ; 10 % ;
; Programmable power technology low-power tiles          ; 3,162 / 3,531 ; 90 % ;
;     -- low-power tiles that are used by the design     ; 530 / 3,162   ; 17 % ;
;     -- unused tiles (low-power)                        ; 2,632 / 3,162 ; 83 % ;
;                                                        ;               ;      ;
; Programmable power technology high-speed LAB tiles     ; 182 / 2,642   ; 7 %  ;
; Programmable power technology low-power LAB tiles      ; 2,460 / 2,642 ; 93 % ;
;     -- low-power LAB tiles that are used by the design ; 501 / 2,460   ; 20 % ;
;     -- unused LAB tiles (low-power)                    ; 1,959 / 2,460 ; 80 % ;
;                                                        ;               ;      ;
+--------------------------------------------------------+---------------+------+


+-------------------+
; Finalize Messages ;
+-------------------+
Info (20030): Parallel compilation is enabled and will use 2 of the 2 processors detected
Info: *******************************************************************
Info: Running Quartus Prime Fitter
    Info: Version 21.1.0 Build 169 03/24/2021 SC Pro Edition
    Info: Processing started: Wed May 26 20:43:09 2021
    Info: System process ID: 7036
Info: Command: quartus_fit --read_settings_files=on --write_settings_files=off test1280M -c test1280M
Info: qfit2_default_script.tcl version: #1
Info: Project  = test1280M
Info: Revision = test1280M
Info (11888): Total time spent on timing analysis during Post-Routing is 0.00 seconds.
Info (16557): Fitter post-fit operations ending: elapsed time is 00:01:05


