Fitter Route Stage Report for test1280M
Wed May 26 20:45:42 2021
Quartus Prime Version 21.1.0 Build 169 03/24/2021 SC Pro Edition


---------------------
; Table of Contents ;
---------------------
  1. Legal Notice
  2. PLL Delay Chain Settings
  3. Delay Chain Summary
  4. Routing Usage Summary
  5. Route Messages
  6. Estimated Delay Added for Hold Timing Summary
  7. Estimated Delay Added for Hold Timing Details



----------------
; Legal Notice ;
----------------
Copyright (C) 2021  Intel Corporation. All rights reserved.
Your use of Intel Corporation's design tools, logic functions 
and other software and tools, and any partner logic 
functions, and any output files from any of the foregoing 
(including device programming or simulation files), and any 
associated documentation or information are expressly subject 
to the terms and conditions of the Intel Program License 
Subscription Agreement, the Intel Quartus Prime License Agreement,
the Intel FPGA IP License Agreement, or other applicable license
agreement, including, without limitation, that your use is for
the sole purpose of programming logic devices manufactured by
Intel and sold by Intel or its authorized distributors.  Please
refer to the applicable agreement for further details, at
https://fpgasoftware.intel.com/eula.



+-------------------------------------------------------------+
; PLL Delay Chain Settings                                    ;
+-------------------------------------------------------+-----+
;                                                       ;     ;
+-------------------------------------------------------+-----+
; genclk_u0|iopll_0|altera_iopll_i|c10gx_pll|iopll_inst ;     ;
;     -- Delay Chain Setting                            ; N/A ;
;     -- PLL Output Counter 0                           ;     ;
;             -- C Counter Delay Chain Setting          ; 0   ;
;             -- LVDS Delay Chain Setting               ; 0   ;
;     -- PLL Output Counter 1                           ;     ;
;             -- C Counter Delay Chain Setting          ; 0   ;
;             -- LVDS Delay Chain Setting               ; 0   ;
;                                                       ;     ;
+-------------------------------------------------------+-----+


+--------------------------------------------------------------------------------------------------------------------------------------------------------------------------------------+
; Delay Chain Summary                                                                                                                                                                  ;
+-------------------------------------+----------+---------------------+--------------------+----------------+-----------------------------------+-------------------------------------+
; Name                                ; Pin Type ; Input Delay Chain 0 ; Output Delay Chain ; OE Delay Chain ; IO_12_LANE Input Data Delay Chain ; IO_12_LANE Input Strobe Delay Chain ;
+-------------------------------------+----------+---------------------+--------------------+----------------+-----------------------------------+-------------------------------------+
; led[0]                              ; Output   ; --                  ; 0                  ; 0              ; --                                ; --                                  ;
; led[1]                              ; Output   ; --                  ; 0                  ; 0              ; --                                ; --                                  ;
; source_out[0]                       ; Output   ; --                  ; 0                  ; 0              ; --                                ; --                                  ;
; source_out[1]                       ; Output   ; --                  ; 0                  ; 0              ; --                                ; --                                  ;
; source_out[2]                       ; Output   ; --                  ; 0                  ; 0              ; --                                ; --                                  ;
; source_out[3]                       ; Output   ; --                  ; 0                  ; 0              ; --                                ; --                                  ;
; source_out[4]                       ; Output   ; --                  ; 0                  ; 0              ; --                                ; --                                  ;
; source_out[5]                       ; Output   ; --                  ; 0                  ; 0              ; --                                ; --                                  ;
; source_out[6]                       ; Output   ; --                  ; 0                  ; 0              ; --                                ; --                                  ;
; source_out[7]                       ; Output   ; --                  ; 0                  ; 0              ; --                                ; --                                  ;
; source_out[8]                       ; Output   ; --                  ; 0                  ; 0              ; --                                ; --                                  ;
; source_out[9]                       ; Output   ; --                  ; 0                  ; 0              ; --                                ; --                                  ;
; source_out[10]                      ; Output   ; --                  ; 0                  ; 0              ; --                                ; --                                  ;
; source_out[11]                      ; Output   ; --                  ; 0                  ; 0              ; --                                ; --                                  ;
; source_out[12]                      ; Output   ; --                  ; 0                  ; 0              ; --                                ; --                                  ;
; source_out[13]                      ; Output   ; --                  ; 0                  ; 0              ; --                                ; --                                  ;
; source_out[14]                      ; Output   ; --                  ; 0                  ; 0              ; --                                ; --                                  ;
; source_out[15]                      ; Output   ; --                  ; 0                  ; 0              ; --                                ; --                                  ;
; FMCAclk40                           ; Input    ; 0                   ; --                 ; --             ; --                                ; --                                  ;
; auto_stp_external_storage_qualifier ; Input    ; 0                   ; --                 ; --             ; --                                ; --                                  ;
; pb[0]                               ; Input    ; 0                   ; --                 ; --             ; --                                ; --                                  ;
; pb[1]                               ; Input    ; 0                   ; --                 ; --             ; --                                ; --                                  ;
; FPGA_RESETn                         ; Input    ; 0                   ; --                 ; --             ; --                                ; --                                  ;
; FMCAclk40(n)                        ; Input    ; 0                   ; --                 ; --             ; --                                ; --                                  ;
+-------------------------------------+----------+---------------------+--------------------+----------------+-----------------------------------+-------------------------------------+


+----------------------------------------------------------+
; Routing Usage Summary                                    ;
+------------------------------+---------------------------+
; Routing Resource Type        ; Usage                     ;
+------------------------------+---------------------------+
; Block interconnects          ; 9,154 / 664,374 ( 1 % )   ;
; C27 interconnects            ; 47 / 12,769 ( < 1 % )     ;
; C4 interconnects             ; 6,771 / 514,392 ( 1 % )   ;
; Direct links                 ; 997 / 664,374 ( < 1 % )   ;
; Global clocks                ; 1 / 32 ( 3 % )            ;
; Periphery clocks             ; 0 / 410 ( 0 % )           ;
; R3 interconnects             ; 2,407 / 246,936 ( < 1 % ) ;
; R32 interconnects            ; 53 / 28,257 ( < 1 % )     ;
; R32/C27 interconnect drivers ; 72 / 74,920 ( < 1 % )     ;
; R6 interconnects             ; 5,001 / 527,108 ( < 1 % ) ;
; Regional clock lefts         ; 0 / 8 ( 0 % )             ;
; Regional clock out bottoms   ; 0 / 8 ( 0 % )             ;
; Regional clock out tops      ; 0 / 8 ( 0 % )             ;
; Regional clock rights        ; 0 / 8 ( 0 % )             ;
; Regional clocks              ; 0 / 8 ( 0 % )             ;
; Spine buffers                ; 2 / 220 ( < 1 % )         ;
; Spine clocks                 ; 4 / 330 ( 1 % )           ;
; Spine feedthroughs           ; 0 / 224 ( 0 % )           ;
+------------------------------+---------------------------+


+----------------+
; Route Messages ;
+----------------+
Info (20030): Parallel compilation is enabled and will use 2 of the 2 processors detected
Info: *******************************************************************
Info: Running Quartus Prime Fitter
    Info: Version 21.1.0 Build 169 03/24/2021 SC Pro Edition
    Info: Processing started: Wed May 26 20:43:09 2021
    Info: System process ID: 7036
Info: Command: quartus_fit --read_settings_files=on --write_settings_files=off test1280M -c test1280M
Info: qfit2_default_script.tcl version: #1
Info: Project  = test1280M
Info: Revision = test1280M
Info (170193): Fitter routing operations beginning
Info (170089): 3e+03 ns of routing delay (approximately 1.5% of available device routing delay) has been added to meet hold timing. For more information, refer to the Estimated Delay Added for Hold Timing section in the Fitter report.
Info: Constraints on the CDC paths between acquisition clock and communication clock are created in the Signal Tap instance, auto_fab_0|alt_sld_fab_0|alt_sld_fab_0|auto_signaltap_auto_signaltap_0
Info (11888): Total time spent on timing analysis during Routing is 1.27 seconds.
Info (16607): Fitter routing operations ending: elapsed time is 00:00:44


+----------------------------------------------------------------+
; Estimated Delay Added for Hold Timing Summary                  ;
+---------------------+----------------------+-------------------+
; Source Clock(s)     ; Destination Clock(s) ; Delay Added in ns ;
+---------------------+----------------------+-------------------+
; altera_reserved_tck ; altera_reserved_tck  ; 4162.7            ;
+---------------------+----------------------+-------------------+
Note: For more information on problematic transfers, consider running the Fitter again with the Optimize hold timing option (Settings Menu) turned off.
This will disable optimization of problematic paths and expose them for further analysis using the Timing Analyzer.


+-------------------------------------------------------------------------------------------------------------------------------------------------------------------------------------------------------------------------------------------------------------------------------------------------------------------------------------------------------------------------------------------------------------------------------------------------------------------------------------------------------------------------------------------------------------------------------------------+
; Estimated Delay Added for Hold Timing Details                                                                                                                                                                                                                                                                                                                                                                                                                                                                                                                                             ;
+-----------------------------------------------------------------------------------------------------------------------------------------------------------------------------------------------------------------------------------------------------------------------------------+-----------------------------------------------------------------------------------------------------------------------------------------------------------------------------------------------------------------------------------------------------------------------------------+-------------------+
; Source Register                                                                                                                                                                                                                                                                   ; Destination Register                                                                                                                                                                                                                                                              ; Delay Added in ns ;
+-----------------------------------------------------------------------------------------------------------------------------------------------------------------------------------------------------------------------------------------------------------------------------------+-----------------------------------------------------------------------------------------------------------------------------------------------------------------------------------------------------------------------------------------------------------------------------------+-------------------+
; auto_fab_0|alt_sld_fab_0|alt_sld_fab_0|auto_signaltap_auto_signaltap_0|sld_signaltap_inst|sld_signaltap_body|sld_signaltap_body|jtag_comm|stp_non_zero_depth_offload_gen.stp_offload_buff_mgr_inst|read_pointer_counter|auto_generated|counter_reg_bit[9]                         ; auto_fab_0|alt_sld_fab_0|alt_sld_fab_0|auto_signaltap_auto_signaltap_0|sld_signaltap_inst|sld_signaltap_body|sld_signaltap_body|jtag_acq_clk_xing|stp_non_zero_ram_gen.stp_buffer_ram|auto_generated|ram_block1a160~reg1                                                          ; 1.852             ;
; auto_fab_0|alt_sld_fab_0|alt_sld_fab_0|auto_signaltap_auto_signaltap_0|sld_signaltap_inst|sld_signaltap_body|sld_signaltap_body|jtag_comm|stp_non_zero_depth_offload_gen.stp_offload_buff_mgr_inst|read_pointer_counter|auto_generated|counter_reg_bit[13]                        ; auto_fab_0|alt_sld_fab_0|alt_sld_fab_0|auto_signaltap_auto_signaltap_0|sld_signaltap_inst|sld_signaltap_body|sld_signaltap_body|jtag_acq_clk_xing|stp_non_zero_ram_gen.stp_buffer_ram|auto_generated|ram_block1a70~reg1                                                           ; 1.752             ;
; auto_fab_0|alt_sld_fab_0|alt_sld_fab_0|auto_signaltap_auto_signaltap_0|sld_signaltap_inst|sld_signaltap_body|sld_signaltap_body|jtag_comm|stp_non_zero_depth_offload_gen.stp_offload_buff_mgr_inst|read_pointer_counter|auto_generated|counter_reg_bit[4]                         ; auto_fab_0|alt_sld_fab_0|alt_sld_fab_0|auto_signaltap_auto_signaltap_0|sld_signaltap_inst|sld_signaltap_body|sld_signaltap_body|jtag_acq_clk_xing|stp_non_zero_ram_gen.stp_buffer_ram|auto_generated|ram_block1a70~reg1                                                           ; 1.752             ;
; auto_fab_0|alt_sld_fab_0|alt_sld_fab_0|auto_signaltap_auto_signaltap_0|sld_signaltap_inst|sld_signaltap_body|sld_signaltap_body|jtag_comm|stp_non_zero_depth_offload_gen.stp_offload_buff_mgr_inst|read_pointer_counter|auto_generated|counter_reg_bit[2]                         ; auto_fab_0|alt_sld_fab_0|alt_sld_fab_0|auto_signaltap_auto_signaltap_0|sld_signaltap_inst|sld_signaltap_body|sld_signaltap_body|jtag_acq_clk_xing|stp_non_zero_ram_gen.stp_buffer_ram|auto_generated|ram_block1a70~reg1                                                           ; 1.736             ;
; auto_fab_0|alt_sld_fab_0|alt_sld_fab_0|auto_signaltap_auto_signaltap_0|sld_signaltap_inst|sld_signaltap_body|sld_signaltap_body|jtag_comm|stp_non_zero_depth_offload_gen.stp_offload_buff_mgr_inst|read_pointer_counter|auto_generated|counter_reg_bit[0]                         ; auto_fab_0|alt_sld_fab_0|alt_sld_fab_0|auto_signaltap_auto_signaltap_0|sld_signaltap_inst|sld_signaltap_body|sld_signaltap_body|jtag_acq_clk_xing|stp_non_zero_ram_gen.stp_buffer_ram|auto_generated|ram_block1a70~reg1                                                           ; 1.736             ;
; auto_fab_0|alt_sld_fab_0|alt_sld_fab_0|auto_signaltap_auto_signaltap_0|sld_signaltap_inst|sld_signaltap_body|sld_signaltap_body|jtag_comm|stp_non_zero_depth_offload_gen.stp_offload_buff_mgr_inst|read_pointer_counter|auto_generated|counter_reg_bit[11]                        ; auto_fab_0|alt_sld_fab_0|alt_sld_fab_0|auto_signaltap_auto_signaltap_0|sld_signaltap_inst|sld_signaltap_body|sld_signaltap_body|jtag_acq_clk_xing|stp_non_zero_ram_gen.stp_buffer_ram|auto_generated|ram_block1a70~reg1                                                           ; 1.732             ;
; auto_fab_0|alt_sld_fab_0|alt_sld_fab_0|auto_signaltap_auto_signaltap_0|sld_signaltap_inst|sld_signaltap_body|sld_signaltap_body|jtag_comm|stp_non_zero_depth_offload_gen.stp_offload_buff_mgr_inst|read_pointer_counter|auto_generated|counter_reg_bit[3]                         ; auto_fab_0|alt_sld_fab_0|alt_sld_fab_0|auto_signaltap_auto_signaltap_0|sld_signaltap_inst|sld_signaltap_body|sld_signaltap_body|jtag_acq_clk_xing|stp_non_zero_ram_gen.stp_buffer_ram|auto_generated|ram_block1a70~reg1                                                           ; 1.707             ;
; auto_fab_0|alt_sld_fab_0|alt_sld_fab_0|auto_signaltap_auto_signaltap_0|sld_signaltap_inst|sld_signaltap_body|sld_signaltap_body|jtag_comm|stp_non_zero_depth_offload_gen.stp_offload_buff_mgr_inst|ram_data_shift_out|dffs[67]                                                    ; auto_fab_0|alt_sld_fab_0|alt_sld_fab_0|auto_signaltap_auto_signaltap_0|sld_signaltap_inst|sld_signaltap_body|sld_signaltap_body|jtag_comm|stp_non_zero_depth_offload_gen.stp_offload_buff_mgr_inst|ram_data_shift_out|dffs[66]                                                    ; 1.698             ;
; auto_fab_0|alt_sld_fab_0|alt_sld_fab_0|auto_signaltap_auto_signaltap_0|sld_signaltap_inst|sld_signaltap_body|sld_signaltap_body|jtag_comm|stp_non_zero_depth_offload_gen.stp_offload_buff_mgr_inst|read_pointer_counter|auto_generated|counter_reg_bit[7]                         ; auto_fab_0|alt_sld_fab_0|alt_sld_fab_0|auto_signaltap_auto_signaltap_0|sld_signaltap_inst|sld_signaltap_body|sld_signaltap_body|jtag_acq_clk_xing|stp_non_zero_ram_gen.stp_buffer_ram|auto_generated|ram_block1a160~reg1                                                          ; 1.688             ;
; auto_fab_0|alt_sld_fab_0|alt_sld_fab_0|auto_signaltap_auto_signaltap_0|sld_signaltap_inst|sld_signaltap_body|sld_signaltap_body|jtag_comm|stp_non_zero_depth_offload_gen.stp_offload_buff_mgr_inst|read_pointer_counter|auto_generated|counter_reg_bit[12]                        ; auto_fab_0|alt_sld_fab_0|alt_sld_fab_0|auto_signaltap_auto_signaltap_0|sld_signaltap_inst|sld_signaltap_body|sld_signaltap_body|jtag_acq_clk_xing|stp_non_zero_ram_gen.stp_buffer_ram|auto_generated|ram_block1a70~reg1                                                           ; 1.683             ;
; auto_fab_0|alt_sld_fab_0|alt_sld_fab_0|auto_signaltap_auto_signaltap_0|sld_signaltap_inst|sld_signaltap_body|sld_signaltap_body|jtag_comm|stp_non_zero_depth_offload_gen.stp_offload_buff_mgr_inst|read_pointer_counter|auto_generated|counter_reg_bit[8]                         ; auto_fab_0|alt_sld_fab_0|alt_sld_fab_0|auto_signaltap_auto_signaltap_0|sld_signaltap_inst|sld_signaltap_body|sld_signaltap_body|jtag_acq_clk_xing|stp_non_zero_ram_gen.stp_buffer_ram|auto_generated|ram_block1a3~reg1                                                            ; 1.657             ;
; auto_fab_0|alt_sld_fab_0|alt_sld_fab_0|auto_signaltap_auto_signaltap_0|sld_signaltap_inst|sld_signaltap_body|sld_signaltap_body|jtag_comm|stp_non_zero_depth_offload_gen.stp_offload_buff_mgr_inst|read_pointer_counter|auto_generated|counter_reg_bit[1]                         ; auto_fab_0|alt_sld_fab_0|alt_sld_fab_0|auto_signaltap_auto_signaltap_0|sld_signaltap_inst|sld_signaltap_body|sld_signaltap_body|jtag_acq_clk_xing|stp_non_zero_ram_gen.stp_buffer_ram|auto_generated|ram_block1a30~reg1                                                           ; 1.632             ;
; auto_fab_0|alt_sld_fab_0|alt_sld_fab_0|auto_signaltap_auto_signaltap_0|sld_signaltap_inst|sld_signaltap_body|sld_signaltap_body|jtag_comm|stp_non_zero_depth_offload_gen.stp_offload_buff_mgr_inst|read_pointer_counter|auto_generated|counter_reg_bit[5]                         ; auto_fab_0|alt_sld_fab_0|alt_sld_fab_0|auto_signaltap_auto_signaltap_0|sld_signaltap_inst|sld_signaltap_body|sld_signaltap_body|jtag_acq_clk_xing|stp_non_zero_ram_gen.stp_buffer_ram|auto_generated|ram_block1a30~reg1                                                           ; 1.605             ;
; auto_fab_0|alt_sld_fab_0|alt_sld_fab_0|auto_signaltap_auto_signaltap_0|sld_signaltap_inst|sld_signaltap_body|sld_signaltap_body|jtag_comm|stp_non_zero_depth_offload_gen.stp_offload_buff_mgr_inst|read_pointer_counter|auto_generated|counter_reg_bit[6]                         ; auto_fab_0|alt_sld_fab_0|alt_sld_fab_0|auto_signaltap_auto_signaltap_0|sld_signaltap_inst|sld_signaltap_body|sld_signaltap_body|jtag_acq_clk_xing|stp_non_zero_ram_gen.stp_buffer_ram|auto_generated|ram_block1a25~reg1                                                           ; 1.602             ;
; auto_fab_0|alt_sld_fab_0|alt_sld_fab_0|auto_signaltap_auto_signaltap_0|sld_signaltap_inst|sld_signaltap_body|sld_signaltap_body|acq_core|ela_control|basic_multi_level_mbpm_trigger_gen.multi_level_mbpm|trigger_condition_deserialize|dffs[247]                                  ; auto_fab_0|alt_sld_fab_0|alt_sld_fab_0|auto_signaltap_auto_signaltap_0|sld_signaltap_inst|sld_signaltap_body|sld_signaltap_body|acq_core|ela_control|basic_multi_level_mbpm_trigger_gen.multi_level_mbpm|trigger_condition_deserialize|dffs[246]                                  ; 1.598             ;
; auto_fab_0|alt_sld_fab_0|alt_sld_fab_0|auto_signaltap_auto_signaltap_0|sld_signaltap_inst|sld_signaltap_body|sld_signaltap_body|jtag_comm|stp_non_zero_depth_offload_gen.stp_offload_buff_mgr_inst|ram_data_shift_out|dffs[81]                                                    ; auto_fab_0|alt_sld_fab_0|alt_sld_fab_0|auto_signaltap_auto_signaltap_0|sld_signaltap_inst|sld_signaltap_body|sld_signaltap_body|jtag_comm|stp_non_zero_depth_offload_gen.stp_offload_buff_mgr_inst|ram_data_shift_out|dffs[80]                                                    ; 1.591             ;
; auto_fab_0|alt_sld_fab_0|alt_sld_fab_0|auto_signaltap_auto_signaltap_0|sld_signaltap_inst|sld_signaltap_body|sld_signaltap_body|jtag_comm|stp_non_zero_depth_offload_gen.stp_offload_buff_mgr_inst|ram_data_shift_out|dffs[38]                                                    ; auto_fab_0|alt_sld_fab_0|alt_sld_fab_0|auto_signaltap_auto_signaltap_0|sld_signaltap_inst|sld_signaltap_body|sld_signaltap_body|jtag_comm|stp_non_zero_depth_offload_gen.stp_offload_buff_mgr_inst|ram_data_shift_out|dffs[37]                                                    ; 1.589             ;
; auto_fab_0|alt_sld_fab_0|alt_sld_fab_0|auto_signaltap_auto_signaltap_0|sld_signaltap_inst|sld_signaltap_body|sld_signaltap_body|acq_core|ela_control|basic_multi_level_mbpm_trigger_gen.multi_level_mbpm|trigger_condition_deserialize|dffs[50]                                   ; auto_fab_0|alt_sld_fab_0|alt_sld_fab_0|auto_signaltap_auto_signaltap_0|sld_signaltap_inst|sld_signaltap_body|sld_signaltap_body|acq_core|ela_control|basic_multi_level_mbpm_trigger_gen.multi_level_mbpm|trigger_condition_deserialize|dffs[49]                                   ; 1.589             ;
; auto_fab_0|alt_sld_fab_0|alt_sld_fab_0|auto_signaltap_auto_signaltap_0|sld_signaltap_inst|sld_signaltap_body|sld_signaltap_body|jtag_comm|stp_non_zero_depth_offload_gen.stp_offload_buff_mgr_inst|read_pointer_counter|auto_generated|counter_reg_bit[10]                        ; auto_fab_0|alt_sld_fab_0|alt_sld_fab_0|auto_signaltap_auto_signaltap_0|sld_signaltap_inst|sld_signaltap_body|sld_signaltap_body|jtag_acq_clk_xing|stp_non_zero_ram_gen.stp_buffer_ram|auto_generated|ram_block1a135~reg1                                                          ; 1.578             ;
; auto_fab_0|alt_sld_fab_0|alt_sld_fab_0|auto_signaltap_auto_signaltap_0|sld_signaltap_inst|sld_signaltap_body|sld_signaltap_body|acq_core|ela_control|basic_multi_level_mbpm_trigger_gen.multi_level_mbpm|trigger_condition_deserialize|dffs[189]                                  ; auto_fab_0|alt_sld_fab_0|alt_sld_fab_0|auto_signaltap_auto_signaltap_0|sld_signaltap_inst|sld_signaltap_body|sld_signaltap_body|acq_core|ela_control|basic_multi_level_mbpm_trigger_gen.multi_level_mbpm|trigger_condition_deserialize|dffs[188]                                  ; 1.572             ;
; auto_fab_0|alt_sld_fab_0|alt_sld_fab_0|auto_signaltap_auto_signaltap_0|sld_signaltap_inst|sld_signaltap_body|sld_signaltap_body|jtag_comm|stp_non_zero_depth_offload_gen.stp_offload_buff_mgr_inst|info_data_shift_out|dffs[10]                                                   ; auto_fab_0|alt_sld_fab_0|alt_sld_fab_0|auto_signaltap_auto_signaltap_0|sld_signaltap_inst|sld_signaltap_body|sld_signaltap_body|jtag_comm|stp_non_zero_depth_offload_gen.stp_offload_buff_mgr_inst|info_data_shift_out|dffs[9]                                                    ; 1.530             ;
; auto_fab_0|alt_sld_fab_0|alt_sld_fab_0|auto_signaltap_auto_signaltap_0|sld_signaltap_inst|sld_signaltap_body|sld_signaltap_body|acq_core|segment_offset_config_deserialize|dffs[2]                                                                                                ; auto_fab_0|alt_sld_fab_0|alt_sld_fab_0|auto_signaltap_auto_signaltap_0|sld_signaltap_inst|sld_signaltap_body|sld_signaltap_body|acq_core|segment_offset_config_deserialize|dffs[1]                                                                                                ; 1.529             ;
; auto_fab_0|alt_sld_fab_0|alt_sld_fab_0|auto_signaltap_auto_signaltap_0|sld_signaltap_inst|sld_signaltap_body|sld_signaltap_body|jtag_comm|stp_non_zero_depth_offload_gen.stp_offload_buff_mgr_inst|ram_data_shift_out|dffs[4]                                                     ; auto_fab_0|alt_sld_fab_0|alt_sld_fab_0|auto_signaltap_auto_signaltap_0|sld_signaltap_inst|sld_signaltap_body|sld_signaltap_body|jtag_comm|stp_non_zero_depth_offload_gen.stp_offload_buff_mgr_inst|ram_data_shift_out|dffs[3]                                                     ; 1.522             ;
; auto_fab_0|alt_sld_fab_0|alt_sld_fab_0|auto_signaltap_auto_signaltap_0|sld_signaltap_inst|sld_signaltap_body|sld_signaltap_body|acq_core|ela_control|basic_multi_level_mbpm_trigger_gen.multi_level_mbpm|trigger_condition_deserialize|dffs[41]                                   ; auto_fab_0|alt_sld_fab_0|alt_sld_fab_0|auto_signaltap_auto_signaltap_0|sld_signaltap_inst|sld_signaltap_body|sld_signaltap_body|acq_core|ela_control|basic_multi_level_mbpm_trigger_gen.multi_level_mbpm|trigger_condition_deserialize|dffs[40]                                   ; 1.497             ;
; auto_fab_0|alt_sld_fab_0|alt_sld_fab_0|auto_signaltap_auto_signaltap_0|sld_signaltap_inst|sld_signaltap_body|sld_signaltap_body|acq_core|ela_control|basic_multi_level_mbpm_trigger_gen.multi_level_mbpm|trigger_condition_deserialize|dffs[14]                                   ; auto_fab_0|alt_sld_fab_0|alt_sld_fab_0|auto_signaltap_auto_signaltap_0|sld_signaltap_inst|sld_signaltap_body|sld_signaltap_body|acq_core|ela_control|basic_multi_level_mbpm_trigger_gen.multi_level_mbpm|trigger_condition_deserialize|dffs[13]                                   ; 1.496             ;
; auto_fab_0|alt_sld_fab_0|alt_sld_fab_0|auto_signaltap_auto_signaltap_0|sld_signaltap_inst|sld_signaltap_body|sld_signaltap_body|jtag_comm|stp_non_zero_depth_offload_gen.stp_offload_buff_mgr_inst|info_data_shift_out|dffs[20]                                                   ; auto_fab_0|alt_sld_fab_0|alt_sld_fab_0|auto_signaltap_auto_signaltap_0|sld_signaltap_inst|sld_signaltap_body|sld_signaltap_body|jtag_comm|stp_non_zero_depth_offload_gen.stp_offload_buff_mgr_inst|info_data_shift_out|dffs[19]                                                   ; 1.495             ;
; auto_fab_0|alt_sld_fab_0|alt_sld_fab_0|auto_signaltap_auto_signaltap_0|sld_signaltap_inst|sld_signaltap_body|sld_signaltap_body|jtag_comm|stp_non_zero_depth_offload_gen.stp_offload_buff_mgr_inst|ram_data_shift_out|dffs[15]                                                    ; auto_fab_0|alt_sld_fab_0|alt_sld_fab_0|auto_signaltap_auto_signaltap_0|sld_signaltap_inst|sld_signaltap_body|sld_signaltap_body|jtag_comm|stp_non_zero_depth_offload_gen.stp_offload_buff_mgr_inst|ram_data_shift_out|dffs[14]                                                    ; 1.491             ;
; auto_fab_0|alt_sld_fab_0|alt_sld_fab_0|auto_signaltap_auto_signaltap_0|sld_signaltap_inst|sld_signaltap_body|sld_signaltap_body|jtag_comm|stp_non_zero_depth_offload_gen.stp_offload_buff_mgr_inst|adv_point_3_and_more.advance_pointer_counter|auto_generated|counter_reg_bit[0] ; auto_fab_0|alt_sld_fab_0|alt_sld_fab_0|auto_signaltap_auto_signaltap_0|sld_signaltap_inst|sld_signaltap_body|sld_signaltap_body|jtag_comm|stp_non_zero_depth_offload_gen.stp_offload_buff_mgr_inst|ram_data_shift_out|dffs[56]                                                    ; 1.474             ;
; auto_fab_0|alt_sld_fab_0|alt_sld_fab_0|auto_signaltap_auto_signaltap_0|sld_signaltap_inst|sld_signaltap_body|sld_signaltap_body|jtag_comm|stp_non_zero_depth_offload_gen.stp_offload_buff_mgr_inst|ram_data_shift_out|dffs[20]                                                    ; auto_fab_0|alt_sld_fab_0|alt_sld_fab_0|auto_signaltap_auto_signaltap_0|sld_signaltap_inst|sld_signaltap_body|sld_signaltap_body|jtag_comm|stp_non_zero_depth_offload_gen.stp_offload_buff_mgr_inst|ram_data_shift_out|dffs[19]                                                    ; 1.422             ;
; auto_fab_0|alt_sld_fab_0|alt_sld_fab_0|auto_signaltap_auto_signaltap_0|sld_signaltap_inst|sld_signaltap_body|sld_signaltap_body|acq_core|ela_control|basic_multi_level_mbpm_trigger_gen.multi_level_mbpm|trigger_condition_deserialize|dffs[175]                                  ; auto_fab_0|alt_sld_fab_0|alt_sld_fab_0|auto_signaltap_auto_signaltap_0|sld_signaltap_inst|sld_signaltap_body|sld_signaltap_body|acq_core|ela_control|basic_multi_level_mbpm_trigger_gen.multi_level_mbpm|trigger_condition_deserialize|dffs[174]                                  ; 1.413             ;
; auto_fab_0|alt_sld_fab_0|alt_sld_fab_0|auto_signaltap_auto_signaltap_0|sld_signaltap_inst|sld_signaltap_body|sld_signaltap_body|jtag_comm|stp_non_zero_depth_offload_gen.stp_offload_buff_mgr_inst|ram_data_shift_out|dffs[57]                                                    ; auto_fab_0|alt_sld_fab_0|alt_sld_fab_0|auto_signaltap_auto_signaltap_0|sld_signaltap_inst|sld_signaltap_body|sld_signaltap_body|jtag_comm|stp_non_zero_depth_offload_gen.stp_offload_buff_mgr_inst|ram_data_shift_out|dffs[56]                                                    ; 1.409             ;
; auto_fab_0|alt_sld_fab_0|alt_sld_fab_0|sldfabric|jtag_hub_gen.real_sld_jtag_hub|virtual_ir_scan_reg                                                                                                                                                                               ; auto_fab_0|alt_sld_fab_0|alt_sld_fab_0|sldfabric|jtag_hub_gen.real_sld_jtag_hub|irsr_reg[10]                                                                                                                                                                                      ; 1.407             ;
; auto_fab_0|alt_sld_fab_0|alt_sld_fab_0|auto_signaltap_auto_signaltap_0|sld_signaltap_inst|sld_signaltap_body|sld_signaltap_body|acq_core|ela_control|trigger_config_deserialize|dffs[0]                                                                                           ; auto_fab_0|alt_sld_fab_0|alt_sld_fab_0|auto_signaltap_auto_signaltap_0|sld_signaltap_inst|sld_signaltap_body|sld_signaltap_body|acq_core|segment_offset_config_deserialize|dffs[14]                                                                                               ; 1.403             ;
; auto_fab_0|alt_sld_fab_0|alt_sld_fab_0|auto_signaltap_auto_signaltap_0|sld_signaltap_inst|sld_signaltap_body|sld_signaltap_body|jtag_comm|stp_non_zero_depth_offload_gen.stp_offload_buff_mgr_inst|status_advance_pointer_counter|auto_generated|counter_reg_bit[1]               ; auto_fab_0|alt_sld_fab_0|alt_sld_fab_0|auto_signaltap_auto_signaltap_0|sld_signaltap_inst|sld_signaltap_body|sld_signaltap_body|jtag_comm|stp_non_zero_depth_offload_gen.stp_offload_buff_mgr_inst|status_data_shift_out|dffs[0]                                                  ; 1.402             ;
; auto_fab_0|alt_sld_fab_0|alt_sld_fab_0|auto_signaltap_auto_signaltap_0|sld_signaltap_inst|sld_signaltap_body|sld_signaltap_body|jtag_comm|stp_non_zero_depth_offload_gen.stp_offload_buff_mgr_inst|ram_data_shift_out|dffs[42]                                                    ; auto_fab_0|alt_sld_fab_0|alt_sld_fab_0|auto_signaltap_auto_signaltap_0|sld_signaltap_inst|sld_signaltap_body|sld_signaltap_body|jtag_comm|stp_non_zero_depth_offload_gen.stp_offload_buff_mgr_inst|ram_data_shift_out|dffs[41]                                                    ; 1.401             ;
; auto_fab_0|alt_sld_fab_0|alt_sld_fab_0|auto_signaltap_auto_signaltap_0|sld_signaltap_inst|sld_signaltap_body|sld_signaltap_body|jtag_acq_clk_xing|intel_stp_status_bits_cdc_u1|status_valid_level_chain_tck[1]                                                                    ; auto_fab_0|alt_sld_fab_0|alt_sld_fab_0|auto_signaltap_auto_signaltap_0|sld_signaltap_inst|sld_signaltap_body|sld_signaltap_body|jtag_acq_clk_xing|intel_stp_status_bits_cdc_u1|status_valid_level_chain_tck[2]                                                                    ; 1.397             ;
; auto_fab_0|alt_sld_fab_0|alt_sld_fab_0|auto_signaltap_auto_signaltap_0|sld_signaltap_inst|sld_signaltap_body|sld_signaltap_body|jtag_comm|stp_non_zero_depth_offload_gen.stp_offload_buff_mgr_inst|status_advance_pointer_counter|auto_generated|counter_reg_bit[4]               ; auto_fab_0|alt_sld_fab_0|alt_sld_fab_0|auto_signaltap_auto_signaltap_0|sld_signaltap_inst|sld_signaltap_body|sld_signaltap_body|jtag_comm|stp_non_zero_depth_offload_gen.stp_offload_buff_mgr_inst|status_data_shift_out|dffs[0]                                                  ; 1.394             ;
; auto_fab_0|alt_sld_fab_0|alt_sld_fab_0|auto_signaltap_auto_signaltap_0|sld_signaltap_inst|sld_signaltap_body|sld_signaltap_body|jtag_comm|status_register|dffs[5]                                                                                                                 ; auto_fab_0|alt_sld_fab_0|alt_sld_fab_0|auto_signaltap_auto_signaltap_0|sld_signaltap_inst|sld_signaltap_body|sld_signaltap_body|jtag_comm|status_register|dffs[4]                                                                                                                 ; 1.391             ;
; auto_fab_0|alt_sld_fab_0|alt_sld_fab_0|auto_signaltap_auto_signaltap_0|sld_signaltap_inst|sld_signaltap_body|sld_signaltap_body|acq_core|ela_control|basic_multi_level_mbpm_trigger_gen.multi_level_mbpm|trigger_condition_deserialize|dffs[127]                                  ; auto_fab_0|alt_sld_fab_0|alt_sld_fab_0|auto_signaltap_auto_signaltap_0|sld_signaltap_inst|sld_signaltap_body|sld_signaltap_body|acq_core|ela_control|basic_multi_level_mbpm_trigger_gen.multi_level_mbpm|trigger_condition_deserialize|dffs[126]                                  ; 1.391             ;
; auto_fab_0|alt_sld_fab_0|alt_sld_fab_0|auto_signaltap_auto_signaltap_0|sld_signaltap_inst|sld_signaltap_body|sld_signaltap_body|jtag_comm|stp_non_zero_depth_offload_gen.stp_offload_buff_mgr_inst|status_advance_pointer_counter|auto_generated|counter_reg_bit[2]               ; auto_fab_0|alt_sld_fab_0|alt_sld_fab_0|auto_signaltap_auto_signaltap_0|sld_signaltap_inst|sld_signaltap_body|sld_signaltap_body|jtag_comm|stp_non_zero_depth_offload_gen.stp_offload_buff_mgr_inst|status_data_shift_out|dffs[0]                                                  ; 1.389             ;
; auto_fab_0|alt_sld_fab_0|alt_sld_fab_0|auto_signaltap_auto_signaltap_0|sld_signaltap_inst|sld_signaltap_body|sld_signaltap_body|acq_core|ela_control|basic_multi_level_mbpm_trigger_gen.multi_level_mbpm|trigger_condition_deserialize|dffs[35]                                   ; auto_fab_0|alt_sld_fab_0|alt_sld_fab_0|auto_signaltap_auto_signaltap_0|sld_signaltap_inst|sld_signaltap_body|sld_signaltap_body|acq_core|ela_control|basic_multi_level_mbpm_trigger_gen.multi_level_mbpm|trigger_condition_deserialize|dffs[34]                                   ; 1.387             ;
; auto_fab_0|alt_sld_fab_0|alt_sld_fab_0|auto_signaltap_auto_signaltap_0|sld_signaltap_inst|sld_signaltap_body|sld_signaltap_body|acq_core|ela_control|basic_multi_level_mbpm_trigger_gen.multi_level_mbpm|trigger_condition_deserialize|dffs[21]                                   ; auto_fab_0|alt_sld_fab_0|alt_sld_fab_0|auto_signaltap_auto_signaltap_0|sld_signaltap_inst|sld_signaltap_body|sld_signaltap_body|acq_core|ela_control|basic_multi_level_mbpm_trigger_gen.multi_level_mbpm|trigger_condition_deserialize|dffs[20]                                   ; 1.383             ;
; auto_fab_0|alt_sld_fab_0|alt_sld_fab_0|auto_signaltap_auto_signaltap_0|sld_signaltap_inst|sld_signaltap_body|sld_signaltap_body|jtag_comm|stp_non_zero_depth_offload_gen.stp_offload_buff_mgr_inst|status_advance_pointer_counter|auto_generated|counter_reg_bit[3]               ; auto_fab_0|alt_sld_fab_0|alt_sld_fab_0|auto_signaltap_auto_signaltap_0|sld_signaltap_inst|sld_signaltap_body|sld_signaltap_body|jtag_comm|stp_non_zero_depth_offload_gen.stp_offload_buff_mgr_inst|status_data_shift_out|dffs[0]                                                  ; 1.382             ;
; auto_fab_0|alt_sld_fab_0|alt_sld_fab_0|auto_signaltap_auto_signaltap_0|sld_signaltap_inst|sld_signaltap_body|sld_signaltap_body|jtag_comm|stp_non_zero_depth_offload_gen.stp_offload_buff_mgr_inst|adv_point_3_and_more.advance_pointer_counter|auto_generated|counter_reg_bit[1] ; auto_fab_0|alt_sld_fab_0|alt_sld_fab_0|auto_signaltap_auto_signaltap_0|sld_signaltap_inst|sld_signaltap_body|sld_signaltap_body|jtag_comm|stp_non_zero_depth_offload_gen.stp_offload_buff_mgr_inst|adv_point_3_and_more.advance_pointer_counter|auto_generated|counter_reg_bit[0] ; 1.377             ;
; auto_fab_0|alt_sld_fab_0|alt_sld_fab_0|auto_signaltap_auto_signaltap_0|sld_signaltap_inst|sld_signaltap_body|sld_signaltap_body|acq_core|segment_offset_config_deserialize|dffs[9]                                                                                                ; auto_fab_0|alt_sld_fab_0|alt_sld_fab_0|auto_signaltap_auto_signaltap_0|sld_signaltap_inst|sld_signaltap_body|sld_signaltap_body|acq_core|segment_offset_config_deserialize|dffs[8]                                                                                                ; 1.362             ;
; auto_fab_0|alt_sld_fab_0|alt_sld_fab_0|sldfabric|jtag_hub_gen.real_sld_jtag_hub|irf_reg[1][6]                                                                                                                                                                                     ; auto_fab_0|alt_sld_fab_0|alt_sld_fab_0|auto_signaltap_auto_signaltap_0|sld_signaltap_inst|sld_signaltap_body|sld_signaltap_body|jtag_comm|status_register|dffs[1]                                                                                                                 ; 1.360             ;
; auto_fab_0|alt_sld_fab_0|alt_sld_fab_0|auto_signaltap_auto_signaltap_0|sld_signaltap_inst|sld_signaltap_body|sld_signaltap_body|jtag_comm|stp_non_zero_depth_offload_gen.stp_offload_buff_mgr_inst|adv_point_3_and_more.advance_pointer_counter|auto_generated|counter_reg_bit[6] ; auto_fab_0|alt_sld_fab_0|alt_sld_fab_0|auto_signaltap_auto_signaltap_0|sld_signaltap_inst|sld_signaltap_body|sld_signaltap_body|jtag_comm|stp_non_zero_depth_offload_gen.stp_offload_buff_mgr_inst|adv_point_3_and_more.advance_pointer_counter|auto_generated|counter_reg_bit[0] ; 1.360             ;
; auto_fab_0|alt_sld_fab_0|alt_sld_fab_0|auto_signaltap_auto_signaltap_0|sld_signaltap_inst|sld_signaltap_body|sld_signaltap_body|jtag_comm|stp_non_zero_depth_offload_gen.stp_offload_buff_mgr_inst|adv_point_3_and_more.advance_pointer_counter|auto_generated|counter_reg_bit[2] ; auto_fab_0|alt_sld_fab_0|alt_sld_fab_0|auto_signaltap_auto_signaltap_0|sld_signaltap_inst|sld_signaltap_body|sld_signaltap_body|jtag_comm|stp_non_zero_depth_offload_gen.stp_offload_buff_mgr_inst|adv_point_3_and_more.advance_pointer_counter|auto_generated|counter_reg_bit[0] ; 1.355             ;
; auto_fab_0|alt_sld_fab_0|alt_sld_fab_0|sldfabric|jtag_hub_gen.real_sld_jtag_hub|shadow_jsm|state[2]                                                                                                                                                                               ; auto_fab_0|alt_sld_fab_0|alt_sld_fab_0|sldfabric|jtag_hub_gen.real_sld_jtag_hub|shadow_jsm|state[9]                                                                                                                                                                               ; 1.353             ;
; auto_fab_0|alt_sld_fab_0|alt_sld_fab_0|auto_signaltap_auto_signaltap_0|sld_signaltap_inst|sld_signaltap_body|sld_signaltap_body|acq_core|ela_control|basic_multi_level_mbpm_trigger_gen.multi_level_mbpm|trigger_condition_deserialize|dffs[198]                                  ; auto_fab_0|alt_sld_fab_0|alt_sld_fab_0|auto_signaltap_auto_signaltap_0|sld_signaltap_inst|sld_signaltap_body|sld_signaltap_body|acq_core|ela_control|basic_multi_level_mbpm_trigger_gen.multi_level_mbpm|trigger_condition_deserialize|dffs[197]                                  ; 1.347             ;
; auto_fab_0|alt_sld_fab_0|alt_sld_fab_0|auto_signaltap_auto_signaltap_0|sld_signaltap_inst|sld_signaltap_body|sld_signaltap_body|acq_core|ela_control|basic_multi_level_mbpm_trigger_gen.multi_level_mbpm|trigger_condition_deserialize|dffs[91]                                   ; auto_fab_0|alt_sld_fab_0|alt_sld_fab_0|auto_signaltap_auto_signaltap_0|sld_signaltap_inst|sld_signaltap_body|sld_signaltap_body|acq_core|ela_control|basic_multi_level_mbpm_trigger_gen.multi_level_mbpm|trigger_condition_deserialize|dffs[90]                                   ; 1.343             ;
; auto_fab_0|alt_sld_fab_0|alt_sld_fab_0|auto_signaltap_auto_signaltap_0|sld_signaltap_inst|sld_signaltap_body|sld_signaltap_body|jtag_comm|stp_non_zero_depth_offload_gen.stp_offload_buff_mgr_inst|adv_point_3_and_more.advance_pointer_counter|auto_generated|counter_reg_bit[3] ; auto_fab_0|alt_sld_fab_0|alt_sld_fab_0|auto_signaltap_auto_signaltap_0|sld_signaltap_inst|sld_signaltap_body|sld_signaltap_body|jtag_comm|stp_non_zero_depth_offload_gen.stp_offload_buff_mgr_inst|adv_point_3_and_more.advance_pointer_counter|auto_generated|counter_reg_bit[0] ; 1.343             ;
; auto_fab_0|alt_sld_fab_0|alt_sld_fab_0|auto_signaltap_auto_signaltap_0|sld_signaltap_inst|sld_signaltap_body|sld_signaltap_body|jtag_comm|stp_non_zero_depth_offload_gen.stp_offload_buff_mgr_inst|ram_data_shift_out|dffs[71]                                                    ; auto_fab_0|alt_sld_fab_0|alt_sld_fab_0|auto_signaltap_auto_signaltap_0|sld_signaltap_inst|sld_signaltap_body|sld_signaltap_body|jtag_comm|stp_non_zero_depth_offload_gen.stp_offload_buff_mgr_inst|ram_data_shift_out|dffs[70]                                                    ; 1.338             ;
; auto_fab_0|alt_sld_fab_0|alt_sld_fab_0|auto_signaltap_auto_signaltap_0|sld_signaltap_inst|sld_signaltap_body|sld_signaltap_body|jtag_comm|reset_all                                                                                                                               ; auto_fab_0|alt_sld_fab_0|alt_sld_fab_0|auto_signaltap_auto_signaltap_0|sld_signaltap_inst|sld_signaltap_body|sld_signaltap_body|jtag_acq_clk_xing|intel_stp_status_bits_cdc_u1|status_valid_level_chain_tck[0]                                                                    ; 1.334             ;
; auto_fab_0|alt_sld_fab_0|alt_sld_fab_0|auto_signaltap_auto_signaltap_0|sld_signaltap_inst|sld_signaltap_body|sld_signaltap_body|jtag_comm|stp_non_zero_depth_offload_gen.stp_offload_buff_mgr_inst|adv_point_3_and_more.advance_pointer_counter|auto_generated|counter_reg_bit[5] ; auto_fab_0|alt_sld_fab_0|alt_sld_fab_0|auto_signaltap_auto_signaltap_0|sld_signaltap_inst|sld_signaltap_body|sld_signaltap_body|jtag_comm|stp_non_zero_depth_offload_gen.stp_offload_buff_mgr_inst|adv_point_3_and_more.advance_pointer_counter|auto_generated|counter_reg_bit[0] ; 1.327             ;
; auto_fab_0|alt_sld_fab_0|alt_sld_fab_0|auto_signaltap_auto_signaltap_0|sld_signaltap_inst|sld_signaltap_body|sld_signaltap_body|jtag_comm|stp_non_zero_depth_offload_gen.stp_offload_buff_mgr_inst|status_advance_pointer_counter|auto_generated|counter_reg_bit[0]               ; auto_fab_0|alt_sld_fab_0|alt_sld_fab_0|auto_signaltap_auto_signaltap_0|sld_signaltap_inst|sld_signaltap_body|sld_signaltap_body|jtag_comm|stp_non_zero_depth_offload_gen.stp_offload_buff_mgr_inst|status_data_shift_out|dffs[0]                                                  ; 1.326             ;
; auto_fab_0|alt_sld_fab_0|alt_sld_fab_0|auto_signaltap_auto_signaltap_0|sld_signaltap_inst|sld_signaltap_body|sld_signaltap_body|acq_core|ela_control|basic_multi_level_mbpm_trigger_gen.multi_level_mbpm|trigger_condition_deserialize|dffs[225]                                  ; auto_fab_0|alt_sld_fab_0|alt_sld_fab_0|auto_signaltap_auto_signaltap_0|sld_signaltap_inst|sld_signaltap_body|sld_signaltap_body|acq_core|ela_control|basic_multi_level_mbpm_trigger_gen.multi_level_mbpm|trigger_condition_deserialize|dffs[224]                                  ; 1.323             ;
; auto_fab_0|alt_sld_fab_0|alt_sld_fab_0|auto_signaltap_auto_signaltap_0|sld_signaltap_inst|sld_signaltap_body|sld_signaltap_body|jtag_comm|stp_non_zero_depth_offload_gen.stp_offload_buff_mgr_inst|ram_data_shift_out|dffs[75]                                                    ; auto_fab_0|alt_sld_fab_0|alt_sld_fab_0|auto_signaltap_auto_signaltap_0|sld_signaltap_inst|sld_signaltap_body|sld_signaltap_body|jtag_comm|stp_non_zero_depth_offload_gen.stp_offload_buff_mgr_inst|ram_data_shift_out|dffs[74]                                                    ; 1.322             ;
; auto_fab_0|alt_sld_fab_0|alt_sld_fab_0|auto_signaltap_auto_signaltap_0|sld_signaltap_inst|sld_signaltap_body|sld_signaltap_body|jtag_comm|stp_non_zero_depth_offload_gen.stp_offload_buff_mgr_inst|adv_point_3_and_more.advance_pointer_counter|auto_generated|counter_reg_bit[4] ; auto_fab_0|alt_sld_fab_0|alt_sld_fab_0|auto_signaltap_auto_signaltap_0|sld_signaltap_inst|sld_signaltap_body|sld_signaltap_body|jtag_comm|stp_non_zero_depth_offload_gen.stp_offload_buff_mgr_inst|adv_point_3_and_more.advance_pointer_counter|auto_generated|counter_reg_bit[0] ; 1.320             ;
; auto_fab_0|alt_sld_fab_0|alt_sld_fab_0|sldfabric|jtag_hub_gen.real_sld_jtag_hub|reset_ena_reg                                                                                                                                                                                     ; auto_fab_0|alt_sld_fab_0|alt_sld_fab_0|sldfabric|jtag_hub_gen.real_sld_jtag_hub|hub_mode_reg[2]                                                                                                                                                                                   ; 1.315             ;
; auto_fab_0|alt_sld_fab_0|alt_sld_fab_0|auto_signaltap_auto_signaltap_0|sld_signaltap_inst|sld_signaltap_body|sld_signaltap_body|jtag_acq_clk_xing|stp_non_zero_ram_gen.attribute_mem_gen.attribute_mem|xq[24]                                                                     ; auto_fab_0|alt_sld_fab_0|alt_sld_fab_0|auto_signaltap_auto_signaltap_0|sld_signaltap_inst|sld_signaltap_body|sld_signaltap_body|jtag_comm|stp_non_zero_depth_offload_gen.stp_offload_buff_mgr_inst|status_data_shift_out|dffs[24]                                                 ; 1.312             ;
; auto_fab_0|alt_sld_fab_0|alt_sld_fab_0|sldfabric|jtag_hub_gen.real_sld_jtag_hub|shadow_jsm|state[1]                                                                                                                                                                               ; auto_fab_0|alt_sld_fab_0|alt_sld_fab_0|sldfabric|jtag_hub_gen.real_sld_jtag_hub|shadow_jsm|state[2]                                                                                                                                                                               ; 1.309             ;
; auto_fab_0|alt_sld_fab_0|alt_sld_fab_0|auto_signaltap_auto_signaltap_0|sld_signaltap_inst|sld_signaltap_body|sld_signaltap_body|acq_core|ela_control|basic_multi_level_mbpm_trigger_gen.multi_level_mbpm|trigger_condition_deserialize|dffs[100]                                  ; auto_fab_0|alt_sld_fab_0|alt_sld_fab_0|auto_signaltap_auto_signaltap_0|sld_signaltap_inst|sld_signaltap_body|sld_signaltap_body|acq_core|ela_control|basic_multi_level_mbpm_trigger_gen.multi_level_mbpm|trigger_condition_deserialize|dffs[99]                                   ; 1.305             ;
; auto_fab_0|alt_sld_fab_0|alt_sld_fab_0|auto_signaltap_auto_signaltap_0|sld_signaltap_inst|sld_signaltap_body|sld_signaltap_body|jtag_acq_clk_xing|stp_non_zero_ram_gen.attribute_mem_gen.attribute_mem|xq[22]                                                                     ; auto_fab_0|alt_sld_fab_0|alt_sld_fab_0|auto_signaltap_auto_signaltap_0|sld_signaltap_inst|sld_signaltap_body|sld_signaltap_body|jtag_comm|stp_non_zero_depth_offload_gen.stp_offload_buff_mgr_inst|status_data_shift_out|dffs[22]                                                 ; 1.304             ;
; auto_fab_0|alt_sld_fab_0|alt_sld_fab_0|auto_signaltap_auto_signaltap_0|sld_signaltap_inst|sld_signaltap_body|sld_signaltap_body|acq_core|ela_control|basic_multi_level_mbpm_trigger_gen.multi_level_mbpm|trigger_condition_deserialize|dffs[149]                                  ; auto_fab_0|alt_sld_fab_0|alt_sld_fab_0|auto_signaltap_auto_signaltap_0|sld_signaltap_inst|sld_signaltap_body|sld_signaltap_body|acq_core|ela_control|basic_multi_level_mbpm_trigger_gen.multi_level_mbpm|trigger_condition_deserialize|dffs[148]                                  ; 1.300             ;
; auto_fab_0|alt_sld_fab_0|alt_sld_fab_0|auto_signaltap_auto_signaltap_0|sld_signaltap_inst|sld_signaltap_body|sld_signaltap_body|jtag_comm|crc_rom_sr|word_counter[1]                                                                                                              ; auto_fab_0|alt_sld_fab_0|alt_sld_fab_0|auto_signaltap_auto_signaltap_0|sld_signaltap_inst|sld_signaltap_body|sld_signaltap_body|jtag_comm|crc_rom_sr|word_counter[3]                                                                                                              ; 1.300             ;
; auto_fab_0|alt_sld_fab_0|alt_sld_fab_0|auto_signaltap_auto_signaltap_0|sld_signaltap_inst|sld_signaltap_body|sld_signaltap_body|acq_core|ela_control|basic_multi_level_mbpm_trigger_gen.multi_level_mbpm|trigger_condition_deserialize|dffs[46]                                   ; auto_fab_0|alt_sld_fab_0|alt_sld_fab_0|auto_signaltap_auto_signaltap_0|sld_signaltap_inst|sld_signaltap_body|sld_signaltap_body|acq_core|ela_control|basic_multi_level_mbpm_trigger_gen.multi_level_mbpm|trigger_condition_deserialize|dffs[45]                                   ; 1.300             ;
; auto_fab_0|alt_sld_fab_0|alt_sld_fab_0|auto_signaltap_auto_signaltap_0|sld_signaltap_inst|sld_signaltap_body|sld_signaltap_body|jtag_acq_clk_xing|stp_non_zero_ram_gen.attribute_mem_gen.attribute_mem|xq[23]                                                                     ; auto_fab_0|alt_sld_fab_0|alt_sld_fab_0|auto_signaltap_auto_signaltap_0|sld_signaltap_inst|sld_signaltap_body|sld_signaltap_body|jtag_comm|stp_non_zero_depth_offload_gen.stp_offload_buff_mgr_inst|status_data_shift_out|dffs[23]                                                 ; 1.298             ;
; auto_fab_0|alt_sld_fab_0|alt_sld_fab_0|auto_signaltap_auto_signaltap_0|sld_signaltap_inst|sld_signaltap_body|sld_signaltap_body|jtag_comm|stp_non_zero_depth_offload_gen.stp_offload_buff_mgr_inst|ram_data_shift_out|dffs[61]                                                    ; auto_fab_0|alt_sld_fab_0|alt_sld_fab_0|auto_signaltap_auto_signaltap_0|sld_signaltap_inst|sld_signaltap_body|sld_signaltap_body|jtag_comm|stp_non_zero_depth_offload_gen.stp_offload_buff_mgr_inst|ram_data_shift_out|dffs[60]                                                    ; 1.297             ;
; auto_fab_0|alt_sld_fab_0|alt_sld_fab_0|auto_signaltap_auto_signaltap_0|sld_signaltap_inst|sld_signaltap_body|sld_signaltap_body|acq_core|ela_control|basic_multi_level_mbpm_trigger_gen.multi_level_mbpm|trigger_condition_deserialize|dffs[34]                                   ; auto_fab_0|alt_sld_fab_0|alt_sld_fab_0|auto_signaltap_auto_signaltap_0|sld_signaltap_inst|sld_signaltap_body|sld_signaltap_body|acq_core|ela_control|basic_multi_level_mbpm_trigger_gen.multi_level_mbpm|trigger_condition_deserialize|dffs[33]                                   ; 1.296             ;
; auto_fab_0|alt_sld_fab_0|alt_sld_fab_0|auto_signaltap_auto_signaltap_0|sld_signaltap_inst|sld_signaltap_body|sld_signaltap_body|acq_core|ela_control|basic_multi_level_mbpm_trigger_gen.multi_level_mbpm|trigger_condition_deserialize|dffs[157]                                  ; auto_fab_0|alt_sld_fab_0|alt_sld_fab_0|auto_signaltap_auto_signaltap_0|sld_signaltap_inst|sld_signaltap_body|sld_signaltap_body|acq_core|ela_control|basic_multi_level_mbpm_trigger_gen.multi_level_mbpm|trigger_condition_deserialize|dffs[156]                                  ; 1.294             ;
; auto_fab_0|alt_sld_fab_0|alt_sld_fab_0|auto_signaltap_auto_signaltap_0|sld_signaltap_inst|sld_signaltap_body|sld_signaltap_body|jtag_comm|tdo_crc_gen.tdo_crc_calc|lfsr[0]                                                                                                        ; auto_fab_0|alt_sld_fab_0|alt_sld_fab_0|auto_signaltap_auto_signaltap_0|sld_signaltap_inst|sld_signaltap_body|sld_signaltap_body|jtag_comm|tdo_crc_val_shift_reg[0]                                                                                                                ; 1.294             ;
; auto_fab_0|alt_sld_fab_0|alt_sld_fab_0|auto_signaltap_auto_signaltap_0|sld_signaltap_inst|sld_signaltap_body|sld_signaltap_body|acq_core|ela_control|basic_multi_level_mbpm_trigger_gen.multi_level_mbpm|trigger_condition_deserialize|dffs[69]                                   ; auto_fab_0|alt_sld_fab_0|alt_sld_fab_0|auto_signaltap_auto_signaltap_0|sld_signaltap_inst|sld_signaltap_body|sld_signaltap_body|acq_core|ela_control|basic_multi_level_mbpm_trigger_gen.multi_level_mbpm|trigger_condition_deserialize|dffs[68]                                   ; 1.293             ;
; auto_fab_0|alt_sld_fab_0|alt_sld_fab_0|auto_signaltap_auto_signaltap_0|sld_signaltap_inst|sld_signaltap_body|sld_signaltap_body|acq_core|ela_control|basic_multi_level_mbpm_trigger_gen.multi_level_mbpm|trigger_condition_deserialize|dffs[166]                                  ; auto_fab_0|alt_sld_fab_0|alt_sld_fab_0|auto_signaltap_auto_signaltap_0|sld_signaltap_inst|sld_signaltap_body|sld_signaltap_body|acq_core|ela_control|basic_multi_level_mbpm_trigger_gen.multi_level_mbpm|trigger_condition_deserialize|dffs[165]                                  ; 1.292             ;
; auto_fab_0|alt_sld_fab_0|alt_sld_fab_0|auto_signaltap_auto_signaltap_0|sld_signaltap_inst|sld_signaltap_body|sld_signaltap_body|jtag_comm|stp_non_zero_depth_offload_gen.stp_offload_buff_mgr_inst|info_data_shift_out|dffs[12]                                                   ; auto_fab_0|alt_sld_fab_0|alt_sld_fab_0|auto_signaltap_auto_signaltap_0|sld_signaltap_inst|sld_signaltap_body|sld_signaltap_body|jtag_comm|stp_non_zero_depth_offload_gen.stp_offload_buff_mgr_inst|info_data_shift_out|dffs[11]                                                   ; 1.289             ;
; auto_fab_0|alt_sld_fab_0|alt_sld_fab_0|auto_signaltap_auto_signaltap_0|sld_signaltap_inst|sld_signaltap_body|sld_signaltap_body|jtag_comm|stp_non_zero_depth_offload_gen.stp_offload_buff_mgr_inst|status_read_pointer_counter|auto_generated|counter_reg_bit[0]                  ; auto_fab_0|alt_sld_fab_0|alt_sld_fab_0|auto_signaltap_auto_signaltap_0|sld_signaltap_inst|sld_signaltap_body|sld_signaltap_body|jtag_comm|stp_non_zero_depth_offload_gen.stp_offload_buff_mgr_inst|status_read_pointer_counter|auto_generated|counter_reg_bit[0]                  ; 1.288             ;
; auto_fab_0|alt_sld_fab_0|alt_sld_fab_0|auto_signaltap_auto_signaltap_0|sld_signaltap_inst|sld_signaltap_body|sld_signaltap_body|jtag_comm|tdo_crc_gen.tdo_crc_calc|lfsr[2]                                                                                                        ; auto_fab_0|alt_sld_fab_0|alt_sld_fab_0|auto_signaltap_auto_signaltap_0|sld_signaltap_inst|sld_signaltap_body|sld_signaltap_body|jtag_comm|tdo_crc_val_shift_reg[2]                                                                                                                ; 1.286             ;
; auto_fab_0|alt_sld_fab_0|alt_sld_fab_0|auto_signaltap_auto_signaltap_0|sld_signaltap_inst|sld_signaltap_body|sld_signaltap_body|jtag_acq_clk_xing|stp_non_zero_ram_gen.attribute_mem_gen.attribute_mem|xq[20]                                                                     ; auto_fab_0|alt_sld_fab_0|alt_sld_fab_0|auto_signaltap_auto_signaltap_0|sld_signaltap_inst|sld_signaltap_body|sld_signaltap_body|jtag_comm|stp_non_zero_depth_offload_gen.stp_offload_buff_mgr_inst|status_data_shift_out|dffs[20]                                                 ; 1.282             ;
; auto_fab_0|alt_sld_fab_0|alt_sld_fab_0|auto_signaltap_auto_signaltap_0|sld_signaltap_inst|sld_signaltap_body|sld_signaltap_body|jtag_comm|stp_non_zero_depth_offload_gen.stp_offload_buff_mgr_inst|status_data_shift_out|dffs[3]                                                  ; auto_fab_0|alt_sld_fab_0|alt_sld_fab_0|auto_signaltap_auto_signaltap_0|sld_signaltap_inst|sld_signaltap_body|sld_signaltap_body|jtag_comm|stp_non_zero_depth_offload_gen.stp_offload_buff_mgr_inst|status_data_shift_out|dffs[2]                                                  ; 1.279             ;
; auto_fab_0|alt_sld_fab_0|alt_sld_fab_0|auto_signaltap_auto_signaltap_0|sld_signaltap_inst|sld_signaltap_body|sld_signaltap_body|jtag_acq_clk_xing|stp_non_zero_ram_gen.attribute_mem_gen.attribute_mem|xq[0]                                                                      ; auto_fab_0|alt_sld_fab_0|alt_sld_fab_0|auto_signaltap_auto_signaltap_0|sld_signaltap_inst|sld_signaltap_body|sld_signaltap_body|jtag_comm|stp_non_zero_depth_offload_gen.stp_offload_buff_mgr_inst|status_data_shift_out|dffs[0]                                                  ; 1.279             ;
; auto_fab_0|alt_sld_fab_0|alt_sld_fab_0|auto_signaltap_auto_signaltap_0|sld_signaltap_inst|sld_signaltap_body|sld_signaltap_body|jtag_comm|crc_rom_sr|word_counter[2]                                                                                                              ; auto_fab_0|alt_sld_fab_0|alt_sld_fab_0|auto_signaltap_auto_signaltap_0|sld_signaltap_inst|sld_signaltap_body|sld_signaltap_body|jtag_comm|crc_rom_sr|word_counter[3]                                                                                                              ; 1.278             ;
; auto_fab_0|alt_sld_fab_0|alt_sld_fab_0|auto_signaltap_auto_signaltap_0|sld_signaltap_inst|sld_signaltap_body|sld_signaltap_body|acq_core|ela_control|builtin.ela_trigger_flow_mgr_entity|trigger_config_deserialize|dffs[3]                                                       ; auto_fab_0|alt_sld_fab_0|alt_sld_fab_0|auto_signaltap_auto_signaltap_0|sld_signaltap_inst|sld_signaltap_body|sld_signaltap_body|acq_core|ela_control|builtin.ela_trigger_flow_mgr_entity|trigger_config_deserialize|dffs[2]                                                       ; 1.277             ;
; auto_fab_0|alt_sld_fab_0|alt_sld_fab_0|auto_signaltap_auto_signaltap_0|sld_signaltap_inst|sld_signaltap_body|sld_signaltap_body|acq_core|ela_control|basic_multi_level_mbpm_trigger_gen.multi_level_mbpm|trigger_condition_deserialize|dffs[209]                                  ; auto_fab_0|alt_sld_fab_0|alt_sld_fab_0|auto_signaltap_auto_signaltap_0|sld_signaltap_inst|sld_signaltap_body|sld_signaltap_body|acq_core|ela_control|basic_multi_level_mbpm_trigger_gen.multi_level_mbpm|trigger_condition_deserialize|dffs[208]                                  ; 1.275             ;
; auto_fab_0|alt_sld_fab_0|alt_sld_fab_0|auto_signaltap_auto_signaltap_0|sld_signaltap_inst|sld_signaltap_body|sld_signaltap_body|acq_core|ela_control|basic_multi_level_mbpm_trigger_gen.multi_level_mbpm|trigger_condition_deserialize|dffs[216]                                  ; auto_fab_0|alt_sld_fab_0|alt_sld_fab_0|auto_signaltap_auto_signaltap_0|sld_signaltap_inst|sld_signaltap_body|sld_signaltap_body|acq_core|ela_control|basic_multi_level_mbpm_trigger_gen.multi_level_mbpm|trigger_condition_deserialize|dffs[215]                                  ; 1.274             ;
; auto_fab_0|alt_sld_fab_0|alt_sld_fab_0|auto_signaltap_auto_signaltap_0|sld_signaltap_inst|sld_signaltap_body|sld_signaltap_body|acq_core|ela_control|basic_multi_level_mbpm_trigger_gen.multi_level_mbpm|trigger_condition_deserialize|dffs[229]                                  ; auto_fab_0|alt_sld_fab_0|alt_sld_fab_0|auto_signaltap_auto_signaltap_0|sld_signaltap_inst|sld_signaltap_body|sld_signaltap_body|acq_core|ela_control|basic_multi_level_mbpm_trigger_gen.multi_level_mbpm|trigger_condition_deserialize|dffs[228]                                  ; 1.274             ;
; auto_fab_0|alt_sld_fab_0|alt_sld_fab_0|auto_signaltap_auto_signaltap_0|sld_signaltap_inst|sld_signaltap_body|sld_signaltap_body|jtag_comm|stp_non_zero_depth_offload_gen.stp_offload_buff_mgr_inst|ram_data_shift_out|dffs[37]                                                    ; auto_fab_0|alt_sld_fab_0|alt_sld_fab_0|auto_signaltap_auto_signaltap_0|sld_signaltap_inst|sld_signaltap_body|sld_signaltap_body|jtag_comm|stp_non_zero_depth_offload_gen.stp_offload_buff_mgr_inst|ram_data_shift_out|dffs[36]                                                    ; 1.272             ;
; auto_fab_0|alt_sld_fab_0|alt_sld_fab_0|auto_signaltap_auto_signaltap_0|sld_signaltap_inst|sld_signaltap_body|sld_signaltap_body|jtag_comm|stp_non_zero_depth_offload_gen.stp_offload_buff_mgr_inst|ram_data_shift_out|dffs[44]                                                    ; auto_fab_0|alt_sld_fab_0|alt_sld_fab_0|auto_signaltap_auto_signaltap_0|sld_signaltap_inst|sld_signaltap_body|sld_signaltap_body|jtag_comm|stp_non_zero_depth_offload_gen.stp_offload_buff_mgr_inst|ram_data_shift_out|dffs[43]                                                    ; 1.271             ;
; auto_fab_0|alt_sld_fab_0|alt_sld_fab_0|auto_signaltap_auto_signaltap_0|sld_signaltap_inst|sld_signaltap_body|sld_signaltap_body|acq_core|ela_control|basic_multi_level_mbpm_trigger_gen.multi_level_mbpm|trigger_condition_deserialize|dffs[117]                                  ; auto_fab_0|alt_sld_fab_0|alt_sld_fab_0|auto_signaltap_auto_signaltap_0|sld_signaltap_inst|sld_signaltap_body|sld_signaltap_body|acq_core|ela_control|basic_multi_level_mbpm_trigger_gen.multi_level_mbpm|trigger_condition_deserialize|dffs[116]                                  ; 1.271             ;
; auto_fab_0|alt_sld_fab_0|alt_sld_fab_0|auto_signaltap_auto_signaltap_0|sld_signaltap_inst|sld_signaltap_body|sld_signaltap_body|acq_core|ela_control|basic_multi_level_mbpm_trigger_gen.multi_level_mbpm|trigger_condition_deserialize|dffs[219]                                  ; auto_fab_0|alt_sld_fab_0|alt_sld_fab_0|auto_signaltap_auto_signaltap_0|sld_signaltap_inst|sld_signaltap_body|sld_signaltap_body|acq_core|ela_control|basic_multi_level_mbpm_trigger_gen.multi_level_mbpm|trigger_condition_deserialize|dffs[218]                                  ; 1.264             ;
; auto_fab_0|alt_sld_fab_0|alt_sld_fab_0|auto_signaltap_auto_signaltap_0|sld_signaltap_inst|sld_signaltap_body|sld_signaltap_body|acq_core|ela_control|basic_multi_level_mbpm_trigger_gen.multi_level_mbpm|trigger_condition_deserialize|dffs[222]                                  ; auto_fab_0|alt_sld_fab_0|alt_sld_fab_0|auto_signaltap_auto_signaltap_0|sld_signaltap_inst|sld_signaltap_body|sld_signaltap_body|acq_core|ela_control|basic_multi_level_mbpm_trigger_gen.multi_level_mbpm|trigger_condition_deserialize|dffs[221]                                  ; 1.264             ;
; auto_fab_0|alt_sld_fab_0|alt_sld_fab_0|auto_signaltap_auto_signaltap_0|sld_signaltap_inst|sld_signaltap_body|sld_signaltap_body|jtag_acq_clk_xing|stp_non_zero_ram_gen.attribute_mem_gen.attribute_mem|xq[2]                                                                      ; auto_fab_0|alt_sld_fab_0|alt_sld_fab_0|auto_signaltap_auto_signaltap_0|sld_signaltap_inst|sld_signaltap_body|sld_signaltap_body|jtag_comm|stp_non_zero_depth_offload_gen.stp_offload_buff_mgr_inst|status_data_shift_out|dffs[2]                                                  ; 1.264             ;
; auto_fab_0|alt_sld_fab_0|alt_sld_fab_0|sldfabric|jtag_hub_gen.real_sld_jtag_hub|mixer_addr_reg_internal[2]                                                                                                                                                                        ; auto_fab_0|alt_sld_fab_0|alt_sld_fab_0|sldfabric|jtag_hub_gen.real_sld_jtag_hub|design_hash_reg[1]                                                                                                                                                                                ; 1.263             ;
; auto_fab_0|alt_sld_fab_0|alt_sld_fab_0|auto_signaltap_auto_signaltap_0|sld_signaltap_inst|sld_signaltap_body|sld_signaltap_body|acq_core|ela_control|basic_multi_level_mbpm_trigger_gen.multi_level_mbpm|trigger_condition_deserialize|dffs[212]                                  ; auto_fab_0|alt_sld_fab_0|alt_sld_fab_0|auto_signaltap_auto_signaltap_0|sld_signaltap_inst|sld_signaltap_body|sld_signaltap_body|acq_core|ela_control|basic_multi_level_mbpm_trigger_gen.multi_level_mbpm|trigger_condition_deserialize|dffs[211]                                  ; 1.263             ;
; auto_fab_0|alt_sld_fab_0|alt_sld_fab_0|auto_signaltap_auto_signaltap_0|sld_signaltap_inst|sld_signaltap_body|sld_signaltap_body|jtag_acq_clk_xing|stp_non_zero_ram_gen.attribute_mem_gen.attribute_mem|xq[27]                                                                     ; auto_fab_0|alt_sld_fab_0|alt_sld_fab_0|auto_signaltap_auto_signaltap_0|sld_signaltap_inst|sld_signaltap_body|sld_signaltap_body|jtag_comm|stp_non_zero_depth_offload_gen.stp_offload_buff_mgr_inst|status_data_shift_out|dffs[27]                                                 ; 1.263             ;
; auto_fab_0|alt_sld_fab_0|alt_sld_fab_0|auto_signaltap_auto_signaltap_0|sld_signaltap_inst|sld_signaltap_body|sld_signaltap_body|jtag_comm|tdo_crc_gen.tdo_crc_calc|lfsr[12]                                                                                                       ; auto_fab_0|alt_sld_fab_0|alt_sld_fab_0|auto_signaltap_auto_signaltap_0|sld_signaltap_inst|sld_signaltap_body|sld_signaltap_body|jtag_comm|tdo_crc_val_shift_reg[12]                                                                                                               ; 1.259             ;
; auto_fab_0|alt_sld_fab_0|alt_sld_fab_0|sldfabric|jtag_hub_gen.real_sld_jtag_hub|node_ena_reg[1]                                                                                                                                                                                   ; auto_fab_0|alt_sld_fab_0|alt_sld_fab_0|auto_signaltap_auto_signaltap_0|sld_signaltap_inst|sld_signaltap_body|sld_signaltap_body|jtag_comm|status_register|dffs[14]                                                                                                                ; 1.256             ;
; auto_fab_0|alt_sld_fab_0|alt_sld_fab_0|auto_signaltap_auto_signaltap_0|sld_signaltap_inst|sld_signaltap_body|sld_signaltap_body|jtag_comm|tdo_crc_gen.tdo_crc_calc|lfsr[10]                                                                                                       ; auto_fab_0|alt_sld_fab_0|alt_sld_fab_0|auto_signaltap_auto_signaltap_0|sld_signaltap_inst|sld_signaltap_body|sld_signaltap_body|jtag_comm|tdo_crc_val_shift_reg[10]                                                                                                               ; 1.252             ;
; auto_fab_0|alt_sld_fab_0|alt_sld_fab_0|auto_signaltap_auto_signaltap_0|sld_signaltap_inst|sld_signaltap_body|sld_signaltap_body|jtag_acq_clk_xing|intel_stp_status_bits_cdc_u1|stp_status_bits_out_reg_tck[4]                                                                     ; auto_fab_0|alt_sld_fab_0|alt_sld_fab_0|auto_signaltap_auto_signaltap_0|sld_signaltap_inst|sld_signaltap_body|sld_signaltap_body|jtag_comm|status_register|dffs[4]                                                                                                                 ; 1.249             ;
; auto_fab_0|alt_sld_fab_0|alt_sld_fab_0|sldfabric|jtag_hub_gen.real_sld_jtag_hub|shadow_jsm|state[15]                                                                                                                                                                              ; auto_fab_0|alt_sld_fab_0|alt_sld_fab_0|sldfabric|jtag_hub_gen.real_sld_jtag_hub|shadow_jsm|state[2]                                                                                                                                                                               ; 1.248             ;
; auto_fab_0|alt_sld_fab_0|alt_sld_fab_0|auto_signaltap_auto_signaltap_0|sld_signaltap_inst|sld_signaltap_body|sld_signaltap_body|jtag_comm|stp_non_zero_depth_offload_gen.stp_offload_buff_mgr_inst|status_data_shift_out|dffs[28]                                                 ; auto_fab_0|alt_sld_fab_0|alt_sld_fab_0|auto_signaltap_auto_signaltap_0|sld_signaltap_inst|sld_signaltap_body|sld_signaltap_body|jtag_comm|stp_non_zero_depth_offload_gen.stp_offload_buff_mgr_inst|status_data_shift_out|dffs[27]                                                 ; 1.247             ;
+-----------------------------------------------------------------------------------------------------------------------------------------------------------------------------------------------------------------------------------------------------------------------------------+-----------------------------------------------------------------------------------------------------------------------------------------------------------------------------------------------------------------------------------------------------------------------------------+-------------------+
Note: This table only shows the top 100 path(s) that have the largest delay added for hold.


